
 Start         Length     Name                   Class
 0001:00000000 0009F9FCH .text                   CODE
 0002:00000000 000029E8H .data                   DATA
 0002:000029E8 000027BDH .bss                    BSS


Detailed map of segments

 0001:00000000 00005E5F C=CODE     S=.text    G=(none)   M=System   ACBP=A9
 0001:00005E60 00000140 C=CODE     S=.text    G=(none)   M=SysInit  ACBP=A9
 0001:00005FA0 00000078 C=CODE     S=.text    G=(none)   M=Types    ACBP=A9
 0001:00006018 00000F90 C=CODE     S=.text    G=(none)   M=Windows  ACBP=A9
 0001:00006FA8 00000350 C=CODE     S=.text    G=(none)   M=SysConst ACBP=A9
 0001:000072F8 00007728 C=CODE     S=.text    G=(none)   M=SysUtils ACBP=A9
 0001:0000EA20 00000038 C=CODE     S=.text    G=(none)   M=Messages ACBP=A9
 0001:0000EA58 000007FB C=CODE     S=.text    G=(none)   M=VarUtils ACBP=A9
 0001:0000F254 00005D1E C=CODE     S=.text    G=(none)   M=Variants ACBP=A9
 0001:00014F74 00000138 C=CODE     S=.text    G=(none)   M=RTLConsts ACBP=A9
 0001:000150AC 00000B2C C=CODE     S=.text    G=(none)   M=TypInfo  ACBP=A9
 0001:00015BD8 000002F4 C=CODE     S=.text    G=(none)   M=ActiveX  ACBP=A9
 0001:00015ECC 00009F9A C=CODE     S=.text    G=(none)   M=Classes  ACBP=A9
 0001:0001FE68 00000038 C=CODE     S=.text    G=(none)   M=ETypes   ACBP=A9
 0001:0001FEA0 000014D0 C=CODE     S=.text    G=(none)   M=EConsts  ACBP=A9
 0001:00021370 00003078 C=CODE     S=.text    G=(none)   M=ECore    ACBP=A9
 0001:000243E8 00000040 C=CODE     S=.text    G=(none)   M=ShellAPI ACBP=A9
 0001:00024428 000000A0 C=CODE     S=.text    G=(none)   M=WinSock  ACBP=A9
 0001:000244C8 000015FC C=CODE     S=.text    G=(none)   M=EHook    ACBP=A9
 0001:00025AC4 000000E8 C=CODE     S=.text    G=(none)   M=ELang    ACBP=A9
 0001:00025BAC 00001588 C=CODE     S=.text    G=(none)   M=ESockets ACBP=A9
 0001:00027134 00005640 C=CODE     S=.text    G=(none)   M=EZlib    ACBP=A9
 0001:0002C774 00000D3C C=CODE     S=.text    G=(none)   M=EEncrypt ACBP=A9
 0001:0002D4B0 000002DC C=CODE     S=.text    G=(none)   M=EBase64  ACBP=A9
 0001:0002D78C 00000A7C C=CODE     S=.text    G=(none)   M=ETarGZip ACBP=A9
 0001:0002E208 00002288 C=CODE     S=.text    G=(none)   M=EWebTools ACBP=A9
 0001:00030490 000005A8 C=CODE     S=.text    G=(none)   M=EXMLBuilder ACBP=A9
 0001:00030A38 000035DC C=CODE     S=.text    G=(none)   M=ELogManager ACBP=A9
 0001:00034014 000012F0 C=CODE     S=.text    G=(none)   M=EListView ACBP=A9
 0001:00035304 0001CFC0 C=CODE     S=.text    G=(none)   M=ExceptionLog ACBP=A9
 0001:000522C4 000002F0 C=CODE     S=.text    G=(none)   M=Consts   ACBP=A9
 0001:000525B4 00009593 C=CODE     S=.text    G=(none)   M=Graphics ACBP=A9
 0001:0005BB48 00000048 C=CODE     S=.text    G=(none)   M=Math     ACBP=A9
 0001:0005BB90 000002B8 C=CODE     S=.text    G=(none)   M=Contnrs  ACBP=A9
 0001:0005BE48 000000FC C=CODE     S=.text    G=(none)   M=CommCtrl ACBP=A9
 0001:0005BF44 00000787 C=CODE     S=.text    G=(none)   M=MultiMon ACBP=A9
 0001:0005C6CC 00000038 C=CODE     S=.text    G=(none)   M=Imm      ACBP=A9
 0001:0005C704 00000FF8 C=CODE     S=.text    G=(none)   M=HelpIntfs ACBP=A9
 0001:0005D6FC 00000038 C=CODE     S=.text    G=(none)   M=WinSpool ACBP=A9
 0001:0005D734 00000044 C=CODE     S=.text    G=(none)   M=Printers ACBP=A9
 0001:0005D778 0000031F C=CODE     S=.text    G=(none)   M=FlatSB   ACBP=A9
 0001:0005DA98 000001A4 C=CODE     S=.text    G=(none)   M=SyncObjs ACBP=A9
 0001:0005DC3C 000009BB C=CODE     S=.text    G=(none)   M=UxTheme  ACBP=A9
 0001:0005E5F8 00000038 C=CODE     S=.text    G=(none)   M=RichEdit ACBP=A9
 0001:0005E630 00000038 C=CODE     S=.text    G=(none)   M=ToolWin  ACBP=A9
 0001:0005E668 00000038 C=CODE     S=.text    G=(none)   M=RegStr   ACBP=A9
 0001:0005E6A0 00000038 C=CODE     S=.text    G=(none)   M=WinInet  ACBP=A9
 0001:0005E6D8 00000038 C=CODE     S=.text    G=(none)   M=UrlMon   ACBP=A9
 0001:0005E710 00000038 C=CODE     S=.text    G=(none)   M=ShlObj   ACBP=A9
 0001:0005E748 00000038 C=CODE     S=.text    G=(none)   M=CommDlg  ACBP=A9
 0001:0005E780 00000038 C=CODE     S=.text    G=(none)   M=Dlgs     ACBP=A9
 0001:0005E7B8 0000130D C=CODE     S=.text    G=(none)   M=Dialogs  ACBP=A9
 0001:0005FAC8 000018CA C=CODE     S=.text    G=(none)   M=ExtCtrls ACBP=A9
 0001:00061394 00000038 C=CODE     S=.text    G=(none)   M=ComStrs  ACBP=A9
 0001:000613CC 0000069C C=CODE     S=.text    G=(none)   M=Clipbrd  ACBP=A9
 0001:00061A68 00000038 C=CODE     S=.text    G=(none)   M=StrUtils ACBP=A9
 0001:00061AA0 00002731 C=CODE     S=.text    G=(none)   M=Buttons  ACBP=A9
 0001:000641D4 00000038 C=CODE     S=.text    G=(none)   M=ExtDlgs  ACBP=A9
 0001:0006420C 00001028 C=CODE     S=.text    G=(none)   M=IniFiles ACBP=A9
 0001:00065234 00000068 C=CODE     S=.text    G=(none)   M=Registry ACBP=A9
 0001:0006529C 0000006C C=CODE     S=.text    G=(none)   M=Mapi     ACBP=A9
 0001:00065308 00000058 C=CODE     S=.text    G=(none)   M=ExtActns ACBP=A9
 0001:00065360 00000038 C=CODE     S=.text    G=(none)   M=ListActns ACBP=A9
 0001:00065398 00000180 C=CODE     S=.text    G=(none)   M=ComCtrls ACBP=A9
 0001:00065518 00000C28 C=CODE     S=.text    G=(none)   M=Themes   ACBP=A9
 0001:00066140 00005FA8 C=CODE     S=.text    G=(none)   M=StdCtrls ACBP=A9
 0001:0006C0E8 00000168 C=CODE     S=.text    G=(none)   M=StdActns ACBP=A9
 0001:0006C250 00000D1F C=CODE     S=.text    G=(none)   M=WinHelpViewer ACBP=A9
 0001:0006CF70 00010F7F C=CODE     S=.text    G=(none)   M=Controls ACBP=A9
 0001:0007DEF0 00001292 C=CODE     S=.text    G=(none)   M=ActnList ACBP=A9
 0001:0007F184 00001B9C C=CODE     S=.text    G=(none)   M=ImgList  ACBP=A9
 0001:00080D20 00006755 C=CODE     S=.text    G=(none)   M=Menus    ACBP=A9
 0001:00087478 0000C568 C=CODE     S=.text    G=(none)   M=Forms    ACBP=A9
 0001:000939E0 00000A2C C=CODE     S=.text    G=(none)   M=MaskUtils ACBP=A9
 0001:0009440C 00002998 C=CODE     S=.text    G=(none)   M=Mask     ACBP=A9
 0001:00096DA4 00000058 C=CODE     S=.text    G=(none)   M=ComConst ACBP=A9
 0001:00096DFC 00000FC1 C=CODE     S=.text    G=(none)   M=ComObj   ACBP=A9
 0001:00097DC0 00000038 C=CODE     S=.text    G=(none)   M=StdVCL   ACBP=A9
 0001:00097DF8 00001793 C=CODE     S=.text    G=(none)   M=AxCtrls  ACBP=A9
 0001:0009958C 00000058 C=CODE     S=.text    G=(none)   M=OleConst ACBP=A9
 0001:000995E4 00003469 C=CODE     S=.text    G=(none)   M=OleCtrls ACBP=A9
 0001:0009CA50 00000038 C=CODE     S=.text    G=(none)   M=Isp3     ACBP=A9
 0001:0009CA88 00001BFC C=CODE     S=.text    G=(none)   M=Spin     ACBP=A9
 0001:0009E684 000002A8 C=CODE     S=.text    G=(none)   M=SWSecFunc ACBP=A9
 0001:0009E92C 00000DA8 C=CODE     S=.text    G=(none)   M=Reg      ACBP=A9
 0001:0009F6D4 00000325 C=CODE     S=.text    G=(none)   M=RegIt    ACBP=A9
 0002:00000000 000000A4 C=DATA     S=.data    G=DGROUP   M=System   ACBP=A9
 0002:000000A4 00000020 C=DATA     S=.data    G=DGROUP   M=SysInit  ACBP=A9
 0002:000000C4 00000254 C=DATA     S=.data    G=DGROUP   M=SysUtils ACBP=A9
 0002:00000318 00000008 C=DATA     S=.data    G=DGROUP   M=VarUtils ACBP=A9
 0002:00000320 0000008E C=DATA     S=.data    G=DGROUP   M=Variants ACBP=A9
 0002:000003B0 0000000C C=DATA     S=.data    G=DGROUP   M=TypInfo  ACBP=A9
 0002:000003BC 00000010 C=DATA     S=.data    G=DGROUP   M=ActiveX  ACBP=A9
 0002:000003CC 00000100 C=DATA     S=.data    G=DGROUP   M=Classes  ACBP=A9
 0002:000004CC 000003B4 C=DATA     S=.data    G=DGROUP   M=EConsts  ACBP=A9
 0002:00000880 00000024 C=DATA     S=.data    G=DGROUP   M=ECore    ACBP=A9
 0002:000008A4 00000180 C=DATA     S=.data    G=DGROUP   M=EHook    ACBP=A9
 0002:00000A24 00000DDC C=DATA     S=.data    G=DGROUP   M=EZlib    ACBP=A9
 0002:00001800 000000C0 C=DATA     S=.data    G=DGROUP   M=EBase64  ACBP=A9
 0002:000018C0 00000012 C=DATA     S=.data    G=DGROUP   M=ETarGZip ACBP=A9
 0002:000018D4 000000E4 C=DATA     S=.data    G=DGROUP   M=EWebTools ACBP=A9
 0002:000019B8 00000020 C=DATA     S=.data    G=DGROUP   M=EXMLBuilder ACBP=A9
 0002:000019D8 00000020 C=DATA     S=.data    G=DGROUP   M=ELogManager ACBP=A9
 0002:000019F8 000000A0 C=DATA     S=.data    G=DGROUP   M=ExceptionLog ACBP=A9
 0002:00001A98 00000304 C=DATA     S=.data    G=DGROUP   M=Graphics ACBP=A9
 0002:00001D9C 00000004 C=DATA     S=.data    G=DGROUP   M=Printers ACBP=A9
 0002:00001DA0 000000B4 C=DATA     S=.data    G=DGROUP   M=Dialogs  ACBP=A9
 0002:00001E54 00000178 C=DATA     S=.data    G=DGROUP   M=ExtCtrls ACBP=A9
 0002:00001FCC 00000046 C=DATA     S=.data    G=DGROUP   M=Buttons  ACBP=A9
 0002:00002014 00000008 C=DATA     S=.data    G=DGROUP   M=IniFiles ACBP=A9
 0002:0000201C 00000008 C=DATA     S=.data    G=DGROUP   M=Registry ACBP=A9
 0002:00002024 00000008 C=DATA     S=.data    G=DGROUP   M=Mapi     ACBP=A9
 0002:0000202C 00000018 C=DATA     S=.data    G=DGROUP   M=ComCtrls ACBP=A9
 0002:00002044 00000068 C=DATA     S=.data    G=DGROUP   M=Themes   ACBP=A9
 0002:000020AC 00000090 C=DATA     S=.data    G=DGROUP   M=StdCtrls ACBP=A9
 0002:0000213C 0000013C C=DATA     S=.data    G=DGROUP   M=Controls ACBP=A9
 0002:00002278 00000020 C=DATA     S=.data    G=DGROUP   M=ImgList  ACBP=A9
 0002:00002298 000000EC C=DATA     S=.data    G=DGROUP   M=Menus    ACBP=A9
 0002:00002384 0000011C C=DATA     S=.data    G=DGROUP   M=Forms    ACBP=A9
 0002:000024A0 00000009 C=DATA     S=.data    G=DGROUP   M=MaskUtils ACBP=A9
 0002:000024AC 00000004 C=DATA     S=.data    G=DGROUP   M=Mask     ACBP=A9
 0002:000024B0 00000030 C=DATA     S=.data    G=DGROUP   M=ComObj   ACBP=A9
 0002:000024E0 0000002C C=DATA     S=.data    G=DGROUP   M=OleCtrls ACBP=A9
 0002:00003000 00000664 C=BSS      S=.bss     G=DGROUP   M=System   ACBP=A9
 0002:00003664 00000010 C=BSS      S=.bss     G=DGROUP   M=SysInit  ACBP=A9
 0002:00003674 00000004 C=BSS      S=.bss     G=DGROUP   M=Types    ACBP=A9
 0002:00003678 00000004 C=BSS      S=.bss     G=DGROUP   M=Windows  ACBP=A9
 0002:0000367C 00000004 C=BSS      S=.bss     G=DGROUP   M=SysConst ACBP=A9
 0002:00003680 00000120 C=BSS      S=.bss     G=DGROUP   M=SysUtils ACBP=A9
 0002:000037A0 00000004 C=BSS      S=.bss     G=DGROUP   M=Messages ACBP=A9
 0002:000037A4 0000005C C=BSS      S=.bss     G=DGROUP   M=VarUtils ACBP=A9
 0002:00003800 00000040 C=BSS      S=.bss     G=DGROUP   M=Variants ACBP=A9
 0002:00003840 00000004 C=BSS      S=.bss     G=DGROUP   M=RTLConsts ACBP=A9
 0002:00003844 00000004 C=BSS      S=.bss     G=DGROUP   M=TypInfo  ACBP=A9
 0002:00003848 00000004 C=BSS      S=.bss     G=DGROUP   M=ActiveX  ACBP=A9
 0002:0000384C 00000044 C=BSS      S=.bss     G=DGROUP   M=Classes  ACBP=A9
 0002:00003890 00000004 C=BSS      S=.bss     G=DGROUP   M=ETypes   ACBP=A9
 0002:00003894 00000004 C=BSS      S=.bss     G=DGROUP   M=EConsts  ACBP=A9
 0002:00003898 00000009 C=BSS      S=.bss     G=DGROUP   M=ECore    ACBP=A9
 0002:000038A4 00000004 C=BSS      S=.bss     G=DGROUP   M=ShellAPI ACBP=A9
 0002:000038A8 00000004 C=BSS      S=.bss     G=DGROUP   M=WinSock  ACBP=A9
 0002:000038AC 00000010 C=BSS      S=.bss     G=DGROUP   M=EHook    ACBP=A9
 0002:000038BC 00000004 C=BSS      S=.bss     G=DGROUP   M=ELang    ACBP=A9
 0002:000038C0 00000004 C=BSS      S=.bss     G=DGROUP   M=ESockets ACBP=A9
 0002:000038C4 00000890 C=BSS      S=.bss     G=DGROUP   M=EZlib    ACBP=A9
 0002:00004154 0000001C C=BSS      S=.bss     G=DGROUP   M=EEncrypt ACBP=A9
 0002:00004170 00000004 C=BSS      S=.bss     G=DGROUP   M=EBase64  ACBP=A9
 0002:00004174 00000404 C=BSS      S=.bss     G=DGROUP   M=ETarGZip ACBP=A9
 0002:00004578 00000048 C=BSS      S=.bss     G=DGROUP   M=EWebTools ACBP=A9
 0002:000045C0 00000004 C=BSS      S=.bss     G=DGROUP   M=EXMLBuilder ACBP=A9
 0002:000045C4 00000004 C=BSS      S=.bss     G=DGROUP   M=ELogManager ACBP=A9
 0002:000045C8 00000004 C=BSS      S=.bss     G=DGROUP   M=EListView ACBP=A9
 0002:000045CC 00000A0C C=BSS      S=.bss     G=DGROUP   M=ExceptionLog ACBP=A9
 0002:00004FD8 00000004 C=BSS      S=.bss     G=DGROUP   M=Consts   ACBP=A9
 0002:00004FDC 00000060 C=BSS      S=.bss     G=DGROUP   M=Graphics ACBP=A9
 0002:0000503C 00000004 C=BSS      S=.bss     G=DGROUP   M=Math     ACBP=A9
 0002:00005040 00000004 C=BSS      S=.bss     G=DGROUP   M=Contnrs  ACBP=A9
 0002:00005044 00000004 C=BSS      S=.bss     G=DGROUP   M=CommCtrl ACBP=A9
 0002:00005048 00000031 C=BSS      S=.bss     G=DGROUP   M=MultiMon ACBP=A9
 0002:0000507C 00000004 C=BSS      S=.bss     G=DGROUP   M=Imm      ACBP=A9
 0002:00005080 00000008 C=BSS      S=.bss     G=DGROUP   M=HelpIntfs ACBP=A9
 0002:00005088 00000004 C=BSS      S=.bss     G=DGROUP   M=WinSpool ACBP=A9
 0002:0000508C 00000004 C=BSS      S=.bss     G=DGROUP   M=Printers ACBP=A9
 0002:00005090 00000034 C=BSS      S=.bss     G=DGROUP   M=FlatSB   ACBP=A9
 0002:000050C4 00000004 C=BSS      S=.bss     G=DGROUP   M=SyncObjs ACBP=A9
 0002:000050C8 000000CC C=BSS      S=.bss     G=DGROUP   M=UxTheme  ACBP=A9
 0002:00005194 00000004 C=BSS      S=.bss     G=DGROUP   M=RichEdit ACBP=A9
 0002:00005198 00000004 C=BSS      S=.bss     G=DGROUP   M=ToolWin  ACBP=A9
 0002:0000519C 00000004 C=BSS      S=.bss     G=DGROUP   M=RegStr   ACBP=A9
 0002:000051A0 00000004 C=BSS      S=.bss     G=DGROUP   M=WinInet  ACBP=A9
 0002:000051A4 00000004 C=BSS      S=.bss     G=DGROUP   M=UrlMon   ACBP=A9
 0002:000051A8 00000004 C=BSS      S=.bss     G=DGROUP   M=ShlObj   ACBP=A9
 0002:000051AC 00000004 C=BSS      S=.bss     G=DGROUP   M=CommDlg  ACBP=A9
 0002:000051B0 00000004 C=BSS      S=.bss     G=DGROUP   M=Dlgs     ACBP=A9
 0002:000051B4 00000038 C=BSS      S=.bss     G=DGROUP   M=Dialogs  ACBP=A9
 0002:000051EC 00000004 C=BSS      S=.bss     G=DGROUP   M=ExtCtrls ACBP=A9
 0002:000051F0 00000004 C=BSS      S=.bss     G=DGROUP   M=ComStrs  ACBP=A9
 0002:000051F4 0000000C C=BSS      S=.bss     G=DGROUP   M=Clipbrd  ACBP=A9
 0002:00005200 00000004 C=BSS      S=.bss     G=DGROUP   M=StrUtils ACBP=A9
 0002:00005204 00000030 C=BSS      S=.bss     G=DGROUP   M=Buttons  ACBP=A9
 0002:00005234 00000004 C=BSS      S=.bss     G=DGROUP   M=ExtDlgs  ACBP=A9
 0002:00005238 00000004 C=BSS      S=.bss     G=DGROUP   M=IniFiles ACBP=A9
 0002:0000523C 00000004 C=BSS      S=.bss     G=DGROUP   M=Registry ACBP=A9
 0002:00005240 00000004 C=BSS      S=.bss     G=DGROUP   M=Mapi     ACBP=A9
 0002:00005244 00000009 C=BSS      S=.bss     G=DGROUP   M=ExtActns ACBP=A9
 0002:00005250 00000004 C=BSS      S=.bss     G=DGROUP   M=ListActns ACBP=A9
 0002:00005254 00000010 C=BSS      S=.bss     G=DGROUP   M=ComCtrls ACBP=A9
 0002:00005264 00000008 C=BSS      S=.bss     G=DGROUP   M=Themes   ACBP=A9
 0002:0000526C 00000004 C=BSS      S=.bss     G=DGROUP   M=StdCtrls ACBP=A9
 0002:00005270 00000004 C=BSS      S=.bss     G=DGROUP   M=StdActns ACBP=A9
 0002:00005274 00000014 C=BSS      S=.bss     G=DGROUP   M=WinHelpViewer ACBP=A9
 0002:00005288 00000080 C=BSS      S=.bss     G=DGROUP   M=Controls ACBP=A9
 0002:00005308 00000004 C=BSS      S=.bss     G=DGROUP   M=ActnList ACBP=A9
 0002:0000530C 0000000C C=BSS      S=.bss     G=DGROUP   M=ImgList  ACBP=A9
 0002:00005318 00000010 C=BSS      S=.bss     G=DGROUP   M=Menus    ACBP=A9
 0002:00005328 00000020 C=BSS      S=.bss     G=DGROUP   M=Forms    ACBP=A9
 0002:00005348 00000004 C=BSS      S=.bss     G=DGROUP   M=MaskUtils ACBP=A9
 0002:0000534C 00000004 C=BSS      S=.bss     G=DGROUP   M=Mask     ACBP=A9
 0002:00005350 00000004 C=BSS      S=.bss     G=DGROUP   M=ComConst ACBP=A9
 0002:00005354 00000011 C=BSS      S=.bss     G=DGROUP   M=ComObj   ACBP=A9
 0002:00005368 00000004 C=BSS      S=.bss     G=DGROUP   M=StdVCL   ACBP=A9
 0002:0000536C 0000001C C=BSS      S=.bss     G=DGROUP   M=AxCtrls  ACBP=A9
 0002:00005388 00000004 C=BSS      S=.bss     G=DGROUP   M=OleConst ACBP=A9
 0002:0000538C 00000014 C=BSS      S=.bss     G=DGROUP   M=OleCtrls ACBP=A9
 0002:000053A0 00000004 C=BSS      S=.bss     G=DGROUP   M=Isp3     ACBP=A9
 0002:000053A4 00000004 C=BSS      S=.bss     G=DGROUP   M=Spin     ACBP=A9
 0002:000053A8 00000408 C=BSS      S=.bss     G=DGROUP   M=SWSecFunc ACBP=A9
 0002:000057B0 0000000C C=BSS      S=.bss     G=DGROUP   M=Reg      ACBP=A9


  Address         Publics by Name

 0001:00027838       ..
 0002:00000D94       ..
 0002:00000A4C       ..
 0001:0002A8FC       ..
 0002:00000C68       ..
 0002:000038C8       ..
 0002:00000AF8       ..
 0002:00000AA8       ..
 0002:00000A54       ..
 0002:0000536C       .02
 0002:00003840       .1
 0002:0000367C       .1
 0002:00005368       .1
 0002:00004FD8       .1
 0002:00003674       .1
 0002:00005044       .1
 0002:00005068       .1
 0002:0000366C       .1
 0002:0000507C       .1
 0002:000050B0       .1
 0002:00005184       .1
 0002:00005194       .1
 0002:0000519C       .1
 0002:000051A0       .1
 0002:000051A4       .1
 0002:000051A8       .1
 0002:000051AC       .1
 0002:000051B0       .1
 0002:000051F0       .1
 0002:00005200       .1
 0002:00005240       .1
 0002:0000527C       .1
 0002:000037A0       .1
 0002:00005350       .1
 0002:00005388       .1
 0002:00003890       .1
 0002:00004578       .1
 0002:00004170       .1
 0002:000038A4       .1
 0002:00004154       .1
 0002:000057AC       .1
 0002:000038A8       .1
 0002:000038AC       .1
 0002:000038BC       .1
 0002:000051B4       .11
 0002:00004FE0       .12
 0002:000051EC       .12
 0002:000051F8       .2
 0002:000038C4       .2
 0002:000045C8       .2
 0002:0000389C       .2
 0002:00005348       .2
 0002:00005080       .2
 0002:00005264       .2
 0002:0000503C       .2
 0002:00005040       .21
 0002:00005234       .3
 0002:00003848       .3
 0002:000045C4       .3
 0002:000045C0       .3
 0002:00004174       .3
 0002:000057B8       .3
 0002:0000530C       .3
 0002:0000508C       .3
 0002:00005088       .3
 0002:00003678       .3
 0002:000053A0       .32
 0002:00003790       .35
 0002:00005254       .36
 0002:00003894       .4
 0002:00005204       .4
 0002:00005198       .4
 0002:000038C0       .4
 0002:00005354       .41
 0002:00005330       .41
 0002:0000526C       .42
 0002:00003858       .45
 0002:000037FC       .5
 0002:000035BC       .5
 0002:000053A4       .5
 0002:0000539C       .5
 0002:0000534C       .5
 0002:0000523C       .5
 0002:000050C4       .6
 0002:00003844       .6
 0002:00005244       .72
 0002:00005290       .72
 0002:00005270       .73
 0002:00005308       .8
 0002:000045E8       .8
 0002:00005250       .8
 0002:00005238       .8
 0002:00003820       .81
 0002:00005320       .9
 0001:000020E0       @AbstractError
 0001:00004894       @AddRefArray
 0001:0000484C       @AddRefRecord
 0001:000030C0       @AfterConstruction
 0001:00002EEC       @AsClass
 0001:00003B80       @Assert
 0001:0000254C       @AStrCmp
 0001:000030D0       @BeforeDestruction
 0001:00002C6C       @BoundErr
 0001:00002F38       @CallDynaInst
 0001:0000589C       @CheckAutoResult
 0001:00003068       @ClassCreate
 0001:000030B8       @ClassDestroy
 0001:00002418       @Close
 0001:00001C94       @Copy
 0001:00004A88       @CopyArray
 0001:0000496C       @CopyRecord
 0001:00004BF4       @DispCallByIDError
 0001:0000FD78       @DispInvokeError
 0001:00004B90       @Dispose
 0001:00003610       @DoneExcept
 0001:00005090       @DynArrayAddRef
 0001:00005068       @DynArrayAsg
 0001:0000502C       @DynArrayClear
 0001:00004E4C       @DynArrayHigh
 0001:00004E44       @DynArrayLength
 0001:00005020       @DynArraySetLength
 0001:000036F8       @ExceptionHandler
 0001:000025BC       @FillChar
 0001:00004840       @Finalize
 0001:00004754       @FinalizeArray
 0001:00004708       @FinalizeRecord
 0001:00002F50       @FindDynaInst
 0001:0000240C       @Flush
 0001:00002C60       @FpuInit
 0001:00002B9C       @FpuMaskInit
 0001:00001B08       @FreeMem
 0001:00001AD8       @GetMem
 0001:00005ED8       @GetTls
 0001:00003B68       @Halt
 0001:00003A88       @Halt0
 0001:000031E4       @HandleAnyException
 0001:000034D0       @HandleAutoException
 0001:00003498       @HandleFinally
 0001:00003310       @HandleOnException
 0001:00028A24       @inflate_fast
 0001:0002A48C       @inflate_table
 0001:00005F24       @InitExe
 0001:000046FC       @Initialize
 0001:00004668       @InitializeArray
 0001:00004638       @InitializeRecord
 0001:0000394C       @InitImports
 0001:00003924       @InitResStringImports
 0001:00003900       @InitResStrings
 0001:00001D50       @Insert
 0001:00005800       @IntfAddRef
 0001:000057D0       @IntfCast
 0001:0000578C       @IntfClear
 0001:000057A4       @IntfCopy
 0001:00002EC8       @IsClass
 0001:00002B6C       @isNECWindows
 0001:00001CD8       @LGetDir
 0001:000040F0       @LStrAddRef
 0001:00003C48       @LStrArrayClr
 0001:00003C78       @LStrAsg
 0001:00003F08       @LStrCat
 0001:00003F4C       @LStrCat3
 0001:00003FC0       @LStrCatN
 0001:00003C24       @LStrClr
 0001:0000404C       @LStrCmp
 0001:00004160       @LStrCopy
 0001:000041A0       @LStrDelete
 0001:00003E94       @LStrFromArray
 0001:00003E0C       @LStrFromChar
 0001:00003E1C       @LStrFromPChar
 0001:00003D14       @LStrFromPCharLen
 0001:00003E4C       @LStrFromPWChar
 0001:00003D80       @LStrFromPWCharLen
 0001:00003E88       @LStrFromString
 0001:00003EAC       @LStrFromWArray
 0001:00003EC8       @LStrFromWStr
 0001:000041E8       @LStrInsert
 0001:00003CBC       @LStrLAsg
 0001:00003F00       @LStrLen
 0001:000042F0       @LStrOfChar
 0001:00004244       @LStrPos
 0001:0000428C       @LStrSetLength
 0001:00004100       @LStrToPChar
 0001:00003EDC       @LStrToString
 0001:00004B7C       @New
 0001:00003CE8       @NewAnsiString
 0001:00004360       @NewWideString
 0001:000144BC       @OleVarFromLStr
 0001:00014578       @OleVarFromVar
 0001:00002048       @Pos
 0001:00002880       @Pow10
 0001:000024C8       @PStrCmp
 0001:000024A0       @PStrCpy
 0001:00002470       @PStrNCat
 0001:000024AC       @PStrNCpy
 0001:000035BC       @RaiseAgain
 0001:00003594       @RaiseExcept
 0001:000025DC       @RandInt
 0001:00001B28       @ReallocMem
 0001:00002154       @RewritText
 0001:000020B0       @ROUND
 0001:00003B74       @RunError
 0001:00002864       @SetEq
 0001:00002088       @SetLength
 0001:000038C0       @StartExe
 0001:00000344       @strlen
 0001:000020BC       @TRUNC
 0001:00003640       @TryFinallyExit
 0001:00004158       @UniqueStringA
 0001:00004C20       @ValInt64
 0001:000025F8       @ValLong
 0001:000146C8       @VarAddRef
 0001:0000487C       @VarAddRef
 0001:0001066C       @VarCast
 0001:00010064       @VarClear
 0001:0000473C       @VarClr
 0001:00010078       @VarClr
 0001:000103A0       @VarCopy
 0001:00004954       @VarCopy
 0001:0001439C       @VarFromBool
 0001:00014228       @VarFromByte
 0001:000143EC       @VarFromCurr
 0001:00014344       @VarFromCurrency
 0001:00014370       @VarFromDate
 0001:00014490       @VarFromDisp
 0001:00014318       @VarFromDouble
 0001:000141CC       @VarFromInt
 0001:000142C8       @VarFromInt64
 0001:00014208       @VarFromInteger
 0001:00014464       @VarFromIntf
 0001:00014268       @VarFromLongWord
 0001:00014400       @VarFromLStr
 0001:000143C4       @VarFromReal
 0001:00014288       @VarFromShortInt
 0001:000142F4       @VarFromSingle
 0001:000142A8       @VarFromSmallInt
 0001:000143D8       @VarFromTDateTime
 0001:00014248       @VarFromWord
 0001:0001442C       @VarFromWStr
 0001:0000FDCC       @VarNull
 0001:00011AF0       @VarToBoolean
 0001:00010F30       @VarToByte
 0001:00012CB4       @VarToCurrency
 0001:0001274C       @VarToDate
 0001:00014120       @VarToDisp
 0001:00011FF8       @VarToDouble
 0001:000114F4       @VarToInt64
 0001:00010A30       @VarToInteger
 0001:00014054       @VarToIntf
 0001:000111A8       @VarToLongWord
 0001:00013368       @VarToLStr
 0001:00010E80       @VarToShortInt
 0001:00012374       @VarToSingle
 0001:00010FD8       @VarToSmallInt
 0001:000110D0       @VarToWord
 0001:00013A88       @VarToWStr
 0001:0000431C       @Write0LString
 0001:00002710       @WriteBytes
 0001:000027E0       @WriteLn
 0001:00004338       @WriteLString
 0001:00002764       @WriteSpaces
 0001:00004618       @WStrAddRef
 0001:000043A0       @WStrArrayClr
 0001:000043C4       @WStrAsg
 0001:00004388       @WStrClr
 0001:00004500       @WStrCmp
 0001:00004584       @WStrCopy
 0001:000044D4       @WStrFromLStr
 0001:000043E8       @WStrFromPCharLen
 0001:00004498       @WStrFromPWChar
 0001:00004474       @WStrFromPWCharLen
 0001:000044F4       @WStrLen
 0001:000045D0       @WStrSetLength
 0001:000044E4       @WStrToPWChar
 0001:00002840       @_CLenToPasStr
 0001:00002834       @_CToPasStr
 0001:00001C64       @_IOTest
 0001:00004BFC       @_llmul
 0001:0002BAF4       @_tr_align
 0001:0002BDC0       @_tr_flush_block
 0001:0002A900       @_tr_init
 0001:0002BA38       @_tr_stored_block
 0001:0000C780       Abort
 0001:0006FE18       AbsMin
 0001:0000CB58       AbstractErrorHandler
 0002:0000302C       AbstractErrorProc
 0002:00000148       AccessMode
 0001:00048FD8       AccessViolationModuleInLongFormat
 0001:00001BC4       AcquireExceptionObject
 0001:00042748       ActicatePage
 0001:000182AC       ActivateClassGroup
 0002:0000474C       ActivateEurekaLog
 0001:00006734       ActivateKeyboardLayout
 0002:000052C4       ActiveDrag
 0001:00015EC4       ActiveX
 0001:0007F158       ActnList
 0001:000004AC       AddBlockAfter
 0001:0004D048       AddCallerCallStack
 0001:00044BEC       AddColor
 0001:0003F1A0       AddCustomHeaderToLog
 0002:000003CC       AddDataModule
 0001:00026838       AddDNS
 0001:00007FCC       AddExitProc
 0001:0001B4EC       AddFinished
 0001:00082954       AddIn
 0001:0003E0BC       AddModule
 0001:000055E4       AddModuleUnloadProc
 0001:000055F4       AddModuleUnloadProc
 0001:0001B524       AddNotFinished
 0001:000867D4       AddOle2
 0001:00024B08       AddrSize
 0001:0001BF48       AddSubComponentsToLoaded
 0001:0001E3F0       AddThread
 0001:0003E228       AddToStack
 0001:00031B74       AddValueField
 0001:000560AC       AdjustColor
 0001:00042698       AdjustDialog
 0001:000402E0       AdjustFlatStyle
 0001:000082E0       AdjustLineBreaks
 0001:00089AA0       Adjustment
 0001:0000673C       AdjustWindowRectEx
 0001:00027530       adler32
 0001:00045890       AfterScreenshot
 0001:00045598       AfterScreenshotToStream
 0002:0000212C       Alignments
 0002:000020F4       Alignments
 0002:0000236C       Alignments
 0002:0000235C       Alignments
 0002:000020B4       Alignments
 0001:00075484       AlignWork
 0001:000909E4       AlignWork
 0001:0001FC48       AllocateHWnd
 0001:00007F70       AllocMem
 0002:000035B4       AllocMemCount
 0002:000035B8       AllocMemSize
 0001:0005B940       AllocPatternBitmap
 0001:00005E80       AllocTlsBuffer
 0002:00002148       AnchorAlign
 0002:0000213C       AnimateWindowProc
 0002:00002244       AnimationStyle
 0001:0000D4B4       AnsiCompareFileName
 0001:000081E8       AnsiCompareStr
 0001:00008220       AnsiCompareText
 0001:00008BBC       AnsiLastChar
 0001:00006744       AnsiLower
 0001:000081B4       AnsiLowerCase
 0001:0000D534       AnsiLowerCaseFileName
 0001:0000D478       AnsiPos
 0001:00087284       AnsiSameCaption
 0001:00008258       AnsiSameText
 0001:00008270       AnsiStrLIComp
 0001:0000D5C0       AnsiStrPos
 0001:0000D680       AnsiStrRScan
 0001:0000D6C8       AnsiStrScan
 0001:00005C1C       AnsiToUtf8
 0001:00008180       AnsiUpperCase
 0001:00013FDC       AnyToIntf
 0001:0000A984       AppendChars
 0001:0000AD50       AppendFormat
 0001:0000A9E8       AppendNumber
 0001:00008004       AppendStr
 0001:0000A9C8       AppendString
 0002:00005328       Application
 0002:000003DC       ApplicationHandleException
 0001:0003E8A8       ApplicationRestore
 0002:000003E4       ApplicationShowException
 0002:00002498       AppVisible
 0002:000024AC       ArrowKey
 0001:0003D37C       ASMAssigned
 0002:00000924       AsmConst
 0001:0000CB3C       AssertErrorHandler
 0002:00003024       AssertErrorProc
 0001:000154A0       AssignLongStr
 0001:0003F884       AssignPriority
 0001:00015A04       AssignVariant
 0001:000465A4       AttachedFile
 0001:00046800       AttachedFiles
 0002:000045E0       AttachedFilesRequest
 0002:00004758       AutoCloseTimer
 0001:0003F074       AutoCloseTimerProc
 0002:0000360C       avail
 0001:00099568       AxCtrls
 0001:000090C0       BackfillGetDiskFreeSpaceEx
 0001:000729AC       BackgroundClipped
 0001:0000ECE8       BackupVarBoolFromStr
 0001:0000EE48       BackupVarBStrFromBool
 0001:0000ED68       BackupVarBStrFromCy
 0001:0000EDD8       BackupVarBStrFromDate
 0001:0000EC7C       BackupVarCyFromStr
 0001:0000EC10       BackupVarDateFromStr
 0001:0000EACC       BackupVarI4FromStr
 0001:0000EA78       BackupVariantChangeTypeEx
 0001:0000EB38       BackupVarR4FromStr
 0001:0000EBA4       BackupVarR8FromStr
 0001:0002D5D0       Base64Decode
 0001:0002D6B0       Base64DecodeStr
 0001:0002D718       Base64DecodeString
 0001:0002D514       Base64Encode
 0001:00046254       Base64EncodeFromFile
 0001:0002D664       Base64EncodeStr
 0001:0002D710       Base64EncodeString
 0001:0002D720       Base64EncodeToString
 0001:0000D138       Beep
 0001:00018604       BeginGlobalLoading
 0001:0000674C       BeginPaint
 0001:00003BD8       BeginThread
 0001:000560B8       BetterSize
 0001:00060B8C       BevelLine
 0001:00060A9C       BevelRect
 0001:000837E8       BiDiDraw
 0001:0001E2DC       BinToHex
 0001:00022D24       BinToStr
 0001:000064C4       BitBlt
 0002:00001FCC       BitBtnCaptions
 0002:00005208       BitBtnGlyphs
 0002:00001D50       BitmapCanvasList
 0002:00004FF8       BitmapImageLock
 0001:0000EAB4       BiUnimplemented
 0002:000004A0       BlockCode
 0002:000035E4       blockDescBlockList
 0002:000035E8       blockDescFreeList
 0001:00048518       BlockingSendInternetMessage
 0002:000057B4       Bokst
 0002:000003B0       BooleanIdents
 0002:0000032C       BooleanToStringRule
 0001:000088A0       BoolToStr
 0001:000130F0       BoolToWStrViaOS
 0002:000020AC       BorderStyles
 0001:00005FC4       Bounds
 0001:000175C4       Bounds
 0002:00002304       Breaks
 0002:00005030       BrushManager
 0001:00085FBC       BuildImage
 0002:00001DFC       ButtonCaptions
 0002:00001FFC       ButtonCount
 0002:00002504       ButtonMap
 0002:00001DD0       ButtonNames
 0002:00002380       Buttons
 0001:000641AC       Buttons
 0002:00002124       ButtonStyles
 0002:000051C0       ButtonWidths
 0001:00055884       BytesPerScanline
 0001:00044D68       BytesPerScanline
 0001:000447C8       BytesSwap
 0001:00055BE8       ByteSwapColors
 0001:0000D21C       ByteToCharIndex
 0001:0000D1F4       ByteToCharLen
 0001:0000D1B8       ByteType
 0001:0000D140       ByteTypeTest
 0002:00005310       CachedComCtrlVer
 0002:00004918       Cached_LogFile
 0001:0005019C       CalcAddr
 0001:000447F8       CalcCRC
 0001:0002D4DC       CalcDecodedSize
 0001:0003B968       CalcDuplicatedException
 0001:0002D4B0       CalcEncodedSize
 0001:0001FB84       CalcJmpOffset
 0001:0007D1E0       CalcSplitterPos
 0001:00024DC4       CalculateRelocatedAsmSize
 0001:0003C814       CallAttachedFilesRequest
 0001:0003C884       CallAttachedFilesRequestEvents
 0001:0003C738       CallCustomDataRequest
 0001:0003C7A4       CallCustomDataRequestEvents
 0001:0003C8F8       CallCustomFieldsRequest
 0001:0003C974       CallCustomFieldsRequestEvents
 0001:0009AE78       CallEventMethod
 0001:0003C404       CallExceptionActionNotify
 0001:0004A3B4       CallExceptionActionNotify_atSavedLogFile
 0001:0004A390       CallExceptionActionNotify_atSavingLogFile
 0001:00047950       CallExceptionActionNotify_atSendingEmail
 0001:00047998       CallExceptionActionNotify_atSendingWebMessage
 0001:00047974       CallExceptionActionNotify_atSentEmail
 0001:000479BC       CallExceptionActionNotify_atSentWebMessage
 0001:0004A610       CallExceptionActionNotify_atShowedExceptionInfo
 0001:0004A5EC       CallExceptionActionNotify_atShowingExceptionInfo
 0001:00044440       CallExceptionActionNotify_atTerminating
 0001:0003C584       CallExceptionErrorNotify
 0001:0004A3D8       CallExceptionErrorNotify_atSavedLogFile
 0001:000479E0       CallExceptionErrorNotify_atSentEmail
 0001:00047A04       CallExceptionErrorNotify_atSentWebMessage
 0001:0003C2D0       CallExceptionNotify
 0001:0003C33C       CallExceptionNotifyEvents
 0001:0003C348       CallModuleEvent_ExceptionActionNotify
 0001:0003C4CC       CallModuleEvent_ExceptionErrorNotify
 0001:0003C7B0       CallModule_AttachedFilesRequest
 0001:0003C6B8       CallModule_CustomDataRequest
 0001:0003C890       CallModule_CustomFieldsRequest
 0001:0003C274       CallModule_ExceptionNotify
 0001:0003C980       CallModule_PasswordRequestEvent
 0001:00006754       CallNextHookEx
 0001:0003C64C       CallPasswordRequest
 0001:0003E500       CallStackByAddresses
 0001:00041358       CallStackDialogProc
 0001:0000DED4       CallTerminateProcs
 0001:0000675C       CallWindowProc
 0001:0004A634       CallWriteIntraWebText
 0001:0004EEB0       Call_HookedExceptionObject
 0001:0004ED40       Call_HookedRaise
 0001:0004EEDC       Call_HookedRtlUnwind
 0002:0000470D       CanAttachScreenshot
 0002:00004709       CanAttachScreenshot_Show
 0001:00070E50       CancelDrag
 0002:0000470E       CanCopy
 0002:0000470A       CanCopy_Show
 0001:0003D11C       CanExit
 0002:000046D1       CanHookLibraries
 0002:00001A08       CannotProcessMessagesExceptions
 0001:0004D0BC       CanPauseThisThread
 0002:00004708       CanSendEmail_Show
 0002:0000470C       CanSendMessage
 0002:0000470B       CanSupport_Show
 0002:000052D8       CanvasList
 0002:00005034       CanvasList
 0002:00004950       CaptionFontName
 0002:00001DA8       Captions
 0002:00004B64       CAPTION_HEIGHT
 0002:00002200       CaptureControl
 0002:00001800       cBase64Codec
 0002:00001840       cBase64Codec
 0002:000022A4       cBooleanToItemAutoFlag
 0002:000051F6       CF_COMPONENT
 0002:000051F4       CF_PICTURE
 0002:00004694       CGIHandleException
 0002:00004644       CGIOutputFile
 0002:00003818       ChangeAnyProc
 0001:0006F37C       ChangeBiDiModeAlignment
 0001:00008C44       ChangeFileExt
 0002:000020D4       CharCases
 0001:00003D44       CharFromWChar
 0001:0000D400       CharLength
 0001:00006764       CharLowerBuff
 0001:000002A4       CharNext
 0001:0000676C       CharNext
 0002:000019D8       chars
 0001:00054140       CharsetToIdent
 0001:0000D308       CharToByteIndex
 0001:0000D36C       CharToByteLen
 0001:00006774       CharToOemA
 0001:0000677C       CharUpperBuff
 0001:0005669C       CheckBool
 0001:000222E4       CheckDirectoryExists
 0001:0002F088       CheckError
 0001:0002548C       CheckFail
 0001:0003A9F8       CheckForResult
 0001:00021C94       CheckIntoIDE
 0001:00003160       CheckJmp
 0001:00006784       CheckMenuItem
 0002:000022F4       Checks
 0001:0001BF84       CheckSubComponents
 0001:0001E408       CheckSynchronize
 0001:000894DC       CheckTaskWindow
 0001:00070B04       CheckUndock
 0001:0000D02C       CheckWin32Version
 0002:00000330       CInvalidCustomVariantType
 0002:000022A8       cItemAutoFlagToBoolean
 0002:000022A0       cItemAutoFlagToMenu
 0001:0001FDD4       Classes
 0001:00018070       ClassNotFound
 0002:00003814       ClearAnyProc
 0001:000539C0       ClearColor
 0001:0002DC10       ClearDirRec
 0001:00097AA0       ClearExcepInfo
 0001:0003856C       ClearInternalError
 0001:00014A04       ClearVariantTypeList
 0001:00034920       ClickOnSign
 0001:0000678C       ClientToScreen
 0001:0007A784       ClientToWindow
 0001:00061924       Clipboard
 0002:00001D48       ClipboardFormats
 0001:00061A10       Clipbrd
 0001:00006794       CloseClipboard
 0001:000064CC       CloseEnhMetaFile
 0001:00006104       CloseHandle
 0001:00000244       CloseHandle
 0001:0003B94C       CloseLogFile
 0001:00046518       CloseSendDialog
 0001:00024428       closesocket
 0002:000050CC       CloseThemeData
 0002:0000469C       CLXHandleException
 0002:000046A0       CLXShowException
 0002:00003040       CmdLine
 0002:0000303C       CmdShow
 0002:0000229C       cMenuAutoFlagToItem
 0001:0000EAC0       CmpUnimplemented
 0002:000024B8       CoAddRefServerProcess
 0001:00015E50       CoCreateInstance
 0002:000024B0       CoCreateInstanceEx
 0001:00015E48       CoGetClassObject
 0002:000024C8       CoInitFlags
 0001:00015E38       CoInitialize
 0002:000024B4       CoInitializeEx
 0002:00001A84       ColIdx
 0002:00001AC8       Colors
 0001:00053F38       ColorToIdent
 0002:00001E54       ColorToPretyName
 0001:00053F28       ColorToRGB
 0002:00004B14       ColWidths
 0001:000064D4       CombineRgn
 0002:0000535C       ComClassManagerVar
 0001:00096DF4       ComConst
 0002:00005260       ComCtlVersion
 0001:00065510       ComCtrls
 0002:00005324       CommandPool
 0001:0005BF3C       CommCtrl
 0001:0005E778       CommDlg
 0001:0000082C       Commit
 0002:00003628       committedRoot
 0001:000454DC       CommonSaveToStream
 0001:00097D68       ComObj
 0001:0003D54C       CompareEurekaFunctions
 0001:00081F38       CompareFront
 0001:000080E8       CompareMem
 0001:000390E8       CompareModulesFunctions
 0001:000080B8       CompareStr
 0001:0000610C       CompareString
 0001:00008108       CompareText
 0001:000087C8       CompareWith
 0001:00049C90       CompleteIP
 0001:00036008       CompleteStr
 0001:0001C064       ComponentCreated
 0001:0002C7E4       Compress
 0001:000278EC       compressBound
 0001:0005645C       ComputeAldusChecksum
 0001:00036C80       ComputerName
 0001:00024048       ComputerName
 0001:000613C4       ComStrs
 0001:00024430       connect
 0001:000525AC       Consts
 0001:0005BE40       Contnrs
 0002:00005296       ControlAtom
 0002:0000529C       ControlAtomString
 0001:0008E288       ControlHasHelp
 0001:0007DE60       Controls
 0002:00000400       Convert
 0002:00000410       Convert
 0001:0000C510       ConvertAddr
 0001:00021544       ConvertAddress
 0001:0000AADC       ConvertEraString
 0001:00007F34       ConvertError
 0001:00007F4C       ConvertErrorFmt
 0001:00030C30       ConvertNotDosText
 0001:0000AC48       ConvertYearString
 0001:00004E54       CopyArray
 0001:00058EC8       CopyBitmap
 0001:00059590       CopyBitmapAsMask
 0001:000064DC       CopyEnhMetaFile
 0001:00063FAC       CopyImage
 0001:00006CEC       CopyMemory
 0001:0005952C       CopyPalette
 0001:0000679C       CopyRect
 0002:00002048       Copyright
 0001:00085068       CopyToBest
 0002:000024BC       CoReleaseServerProcess
 0002:000024C0       CoResumeClassObjects
 0002:000024C4       CoSuspendClassObjects
 0001:00015E40       CoUninitialize
 0001:0000D278       CountChars
 0002:00005010       CounterLock
 0001:00042280       CPUDialogProc
 0001:000366E0       CPUToRTF
 0002:00000334       CRangeToType
 0002:00004178       crc_table
 0002:000018C0       crc_table_computed
 0001:00044F7C       Create8bitBitmap
 0001:0000CA80       CreateAssertException
 0001:0000CC08       CreateAVObject
 0001:000064E4       CreateBitmap
 0001:000064EC       CreateBrushIndirect
 0001:000064F4       CreateCompatibleBitmap
 0001:000064FC       CreateCompatibleDC
 0001:0001C0E4       CreateComponent
 0001:00006E60       CreateDialog
 0001:0003ED6C       CreateDialogFonts
 0001:000067A4       CreateDialogParam
 0001:0000650C       CreateDIBitmap
 0001:00006504       CreateDIBSection
 0001:000091B8       CreateDir
 0001:00006114       CreateDirectory
 0001:00006514       CreateEnhMetaFile
 0001:0000611C       CreateEvent
 0001:00006124       CreateFile
 0001:0000024C       CreateFileA
 0001:0000612C       CreateFileMapping
 0001:0000651C       CreateFont
 0001:00006524       CreateFontIndirect
 0001:0004A640       CreateGeneralText
 0001:0002D8BC       CreateGZipFile
 0001:0000652C       CreateHalftonePalette
 0001:00039D40       CreateHTMLByLayout
 0001:0003BEE0       CreateHTMLFile
 0001:000067AC       CreateIcon
 0001:0000C9AC       CreateInOutError
 0001:0004B59C       CreateLogText
 0001:000067B4       CreateMenu
 0001:0005F238       CreateMessageDialog
 0001:00026C6C       CreateMXQuery
 0001:00044B88       CreateOctreeNode
 0001:00006534       CreatePalette
 0001:0000653C       CreatePenIndirect
 0001:000067BC       CreatePopupMenu
 0001:00006134       CreateProcess
 0001:00006544       CreateRectRgn
 0001:0000654C       CreateRectRgnIndirect
 0001:00006554       CreateSolidBrush
 0001:00015E70       CreateStreamOnHGlobal
 0001:00055C40       CreateSystemPalette
 0001:0003A118       CreateTemplateFile
 0001:00047A28       CreateTGZFile
 0001:0000613C       CreateThread
 0001:000002AC       CreateThread
 0001:0003FB34       CreateThreadStr
 0001:00047488       CreateTmpLogFile
 0001:00036CB4       CreateVirtualFile
 0001:00006E08       CreateWindow
 0001:00006DB0       CreateWindowEx
 0001:0003BFAC       CreateXMLLogCopy
 0002:00001DA0       CreationControl
 0002:00002140       CreationControl
 0002:0000039C       CRelationshipToBoolean
 0002:00000318       CResult
 0002:00000880       CriticalError
 0002:00001A24       CriticalExceptObject
 0002:00000140       cSimpleBoolStrs
 0002:00000348       CText
 0002:0000223C       Ctl3DStyles
 0002:00003620       curAlloc
 0002:00003688       CurrencyDecimals
 0002:00003684       CurrencyFormat
 0002:00003680       CurrencyString
 0002:000046CC       CurrentCPUErrorText
 0002:0000475C       CurrentDialog
 0001:00050210       CurrentEurekaLogOptions
 0002:000046C8       CurrentGeneralErrorText
 0002:00004640       CurrentOptions
 0002:00004774       CurrentProcessWindowsList
 0002:0000472C       CurrentRequestValue
 0002:00001A14       CurrentStackList
 0001:0000A970       CurrentYear
 0001:0000A338       CurrToStr
 0001:00013080       CurrToWStrViaOS
 0002:0000241C       CursorMap
 0002:00002150       Cursors
 0001:0006F69C       CursorToIdent
 0002:0000240C       cUseAlpha
 0002:00002414       cUseColorKey
 0001:00042488       CustomDataDialogProc
 0002:000045DC       CustomDataRequest
 0002:000046F8       CustomExceptMessage
 0002:000045E4       CustomFieldsRequest
 0002:00004158       CV
 0001:000084EC       CvtInt
 0001:00008558       CvtInt64
 0002:00000180       CWNear
 0002:00003689       DateSeparator
 0001:0000B5B4       DateTimeToStr
 0001:0000B528       DateTimeToString
 0001:0000A48C       DateTimeToTimeStamp
 0001:0000B584       DateToStr
 0001:000130B8       DateToWStrViaOS
 0001:0000A8F8       DayOfWeek
 0002:00001A68       Days
 0002:00004770       DbgSection
 0002:0000017C       DCon10
 0002:00001AC4       DDBsOnly
 0001:0001FCFC       DeallocateHWnd
 0002:0000002C       DebugHook
 0002:000048B0       DebugHook_Assigned
 0002:00003687       DecimalSeparator
 0001:0000A868       DecodeDate
 0001:0000A718       DecodeDateFully
 0001:0000A580       DecodeTime
 0001:000008EC       Decommit
 0001:00001018       DecommitFree
 0002:000035FC       decommittedRoot
 0001:0002D3A8       Decrypt
 0001:0008BF08       Default
 0001:00091620       Default
 0002:00000024       Default8087CW
 0002:000024A0       DefaultBlank
 0002:00002144       DefaultDockTreeClass
 0002:00000038       DefaultTextLineBreakStyle
 0002:000035C0       DefaultUserCodePage
 0002:00001D18       DefBrushData
 0002:00001A98       DefFontData
 0001:000067C4       DefFrameProc
 0001:00027EEC       deflate
 0001:0002819C       deflateEnd
 0001:00027224       DeflateInit
 0001:00027900       deflateInit_
 0002:0000020C       DefLongDayNames
 0002:000001C0       DefLongMonthNames
 0001:000067CC       DefMDIChildProc
 0002:00001CF8       DefPenData
 0002:000001F0       DefShortDayNames
 0002:00000190       DefShortMonthNames
 0001:000067D4       DefWindowProc
 0001:000050CC       DelayLoadResourceModule
 0001:00000508       DeleteBlock
 0001:00006144       DeleteCriticalSection
 0001:00000418       DeleteCriticalSection
 0001:0000655C       DeleteDC
 0001:00006564       DeleteEnhMetaFile
 0001:00047BA4       DeleteExtraFiles
 0001:0000614C       DeleteFile
 0001:00008BA4       DeleteFile
 0001:00000E00       DeleteFree
 0001:000067DC       DeleteMenu
 0001:0000656C       DeleteObject
 0001:00044A9C       DeleteTree
 0001:00036E40       DeleteVirtualFile
 0001:00058A84       DeselectBitmap
 0001:000067E4       DestroyCursor
 0001:0003EF74       DestroyDialogFonts
 0001:000067EC       DestroyIcon
 0001:000640DC       DestroyLocals
 0001:000067F4       DestroyMenu
 0001:000067FC       DestroyWindow
 0002:00004B54       DetailsActive
 0001:00040320       DetailsState
 0001:00006804       DialogBoxParam
 0001:0006CC24       DialogEnumerationTester
 0002:00004B60       DialogHeight
 0001:0005FA88       Dialogs
 0002:00001D54       DIBPalSizes
 0002:00000094       dig
 0001:0003A0F4       DirectoryExists
 0001:00089318       DisableTaskWindows
 0001:000974B4       DispatchInvoke
 0001:00097A94       DispatchInvokeError
 0001:0000680C       DispatchMessage
 0001:0008F568       DispatchShortCut
 0001:00097AB0       DispCall
 0001:00097B94       DispCallByID
 0002:00003000       DispCallByIDProc
 0001:000979C0       DispCallError
 0002:000024F0       DispIDArgs
 0002:000024E0       DispParams
 0001:00007F18       DivMod
 0001:0005E7B0       Dlgs
 0001:0003EA24       DlgTemplate
 0002:000038B4       DllList
 0001:00090898       DoAlign
 0001:00075314       DoAlign
 0001:00079444       DoCalcConstraints
 0002:000052CC       DockSiteList
 0001:00085C88       DoClick
 0001:00076A58       DoControlMsg
 0001:000892C8       DoDisableWindow
 0001:00070430       DoDragOver
 0001:00007F90       DoExitProc
 0001:0007B4B4       DoFindControlZone
 0001:0008941C       DoFindWindow
 0001:0007BA40       DoFindZone
 0001:0007B538       DoForEach
 0001:0007CE44       DoGetNextLimit
 0001:00051F30       Done
 0001:000270A0       Done
 0001:00024360       Done
 0001:00025980       Done
 0001:00089290       DoneApplication
 0001:00050E84       DoneCheckFreeze
 0001:0007DBA4       DoneControls
 0001:0000CF3C       DoneExceptions
 0001:0002ED18       DoneLib
 0001:0008D8E4       DoNestedActivation
 0001:0001E3A4       DoneThreadSynchronization
 0001:0009293C       DoOnHelp
 0001:000906E8       DoPosition
 0001:00074ED4       DoPosition
 0001:0007C46C       DoPrune
 0001:0007C944       DoSaveZone
 0001:0007CB48       DoSetNewBounds
 0002:000003B8       DotSep
 0002:00002000       DownStyles
 0001:00057690       DoWrite
 0001:000568F4       DoWrite
 0001:000194F4       DoWrite
 0001:00080598       DoWrite
 0001:00076040       DoWriteDesignSize
 0001:00073AAC       DoWriteIsControl
 0002:000052B0       DragCapture
 0002:000052A4       DragControl
 0001:00070B78       DragDone
 0001:000703E0       DragFindTarget
 0001:000703B4       DragFindWindow
 0002:000052C8       DragImageList
 0001:000707D0       DragInit
 0001:00070940       DragInitControl
 0002:000052AC       DragInternalObject
 0001:000702FC       DragMessage
 0002:000052A8       DragObject
 0002:000052D4       DragSave
 0002:000052BC       DragSaveCursor
 0002:000052B4       DragStartPos
 0002:000052C0       DragThreshold
 0001:00070500       DragTo
 0001:0009165C       DrawAppIcon
 0001:000340E4       DrawBmp
 0001:00034C90       DrawBottom
 0001:0007BFD8       DrawCloseButton
 0001:00006814       DrawEdge
 0001:0000681C       DrawFocusRect
 0001:00034C1C       DrawFrame
 0001:00006824       DrawFrameControl
 0001:0007C030       DrawGrabberLine
 0001:0000682C       DrawIcon
 0001:00006834       DrawIconEx
 0002:00002278       DrawingStyles
 0001:00034D38       DrawItem
 0001:00034CE4       DrawLine
 0001:0000683C       DrawMenuBar
 0001:000870A0       DrawMenuItem
 0001:000429E0       DrawSupportLink
 0001:00006844       DrawText
 0002:000050D0       DrawThemeBackground
 0002:000050F4       DrawThemeEdge
 0002:000050F8       DrawThemeIcon
 0002:0000517C       DrawThemeParentBackground
 0002:000050D4       DrawThemeText
 0001:00055704       DupBits
 0002:0000470F       DuplicatedException
 0001:00006154       DuplicateHandle
 0001:00004E6C       DynArrayClear
 0001:00004E74       DynArraySetLength
 0001:0002D784       EBase64
 0001:00021368       EConsts
 0001:000243B8       ECore
 0002:00002364       EdgeStyle
 0002:0000222C       EdgeStyles
 0001:0002D4A8       EEncrypt
 0001:0000C980       EHeapException.FreeInstance
 0001:00025A94       EHook
 0001:00031070       ElaborateString
 0001:0002F1E4       ElaborateURL
 0001:00025BA4       ELang
 0001:000352FC       EListView
 0001:0003400C       ELogManager
 0002:000020F0       Empty
 0001:0000684C       EmptyClipboard
 0002:00003800       EmptyParam
 0002:0000538C       EmptyParam
 0002:000000C4       EmptyStr
 0002:000000C8       EmptyWideStr
 0002:000004D0       EMsgs
 0001:00006854       EnableMenuItem
 0002:000022FC       Enables
 0001:0000685C       EnableScrollBar
 0001:000893CC       EnableTaskWindows
 0002:00005164       EnableThemeDialogTexture
 0002:00005180       EnableTheming
 0001:00006864       EnableWindow
 0001:000449C0       Encode
 0001:0000A6E8       EncodeDate
 0002:000019B8       EncodedChars
 0001:0000A540       EncodeTime
 0001:000475EC       EncodeURL
 0001:0009E6E0       Encrypt
 0001:0000686C       EndDialog
 0001:0001868C       EndGlobalLoading
 0001:00006874       EndPaint
 0001:00003C1C       EndThread
 0001:0000615C       EnterCriticalSection
 0001:00000408       EnterCriticalSection
 0001:00006164       EnumCalendarInfoA
 0001:0000687C       EnumClipboardFormats
 0002:00005064       EnumDisplayMonitors
 0001:0000C184       EnumEraNames
 0001:0000C1C0       EnumEraYearOffsets
 0001:0008C4CC       EnumMonitorsProc
 0001:0000616C       EnumSystemLocales
 0001:00006884       EnumThreadWindows
 0001:0001B894       EnumValue
 0001:0000688C       EnumWindows
 0001:00038780       EnumWindowsProc
 0001:000386F8       EnumWindowsProc
 0001:00021E48       EnvironmentVariable
 0001:00097088       EOleException.Create
 0001:00096FB8       EOleSysError.Create
 0001:00006894       EqualRect
 0002:00003750       EraNames
 0001:0000B840       EraToYear
 0002:0000376C       EraYearOffsets
 0002:0000006C       errCaption
 0001:00001C58       Error
 0001:00045990       Error
 0001:0001B078       Error
 0001:00017C14       Error
 0001:00081C88       Error
 0002:00000004       ErrorAddr
 0001:00001C0C       ErrorAt
 0001:0000CA2C       ErrorHandler
 0002:00000228       ErrorMap
 0002:00003008       ErrorProc
 0002:000033E8       ErrOutput
 0002:000007FC       EShowOptions
 0001:00027100       ESockets
 0001:0002E200       ETarGZip
 0001:0001FE98       ETypes
 0002:000004CC       EurekaLogCurrentVersion
 0002:00004728       EurekaLogList
 0001:000461B0       EurekaLogSendEmail
 0001:0003CFD8       EurekaLog_AttachedFilesRequestEvent
 0001:0004F4D8       EurekaLog_CallCreateThread
 0001:0004EE00       EurekaLog_CallExceptObject
 0001:0004F61C       EurekaLog_CallExitThread
 0001:0004ED0C       EurekaLog_CallGeneralRaise
 0001:0004F578       EurekaLog_CallResumeThread
 0001:0003CF28       EurekaLog_CustomDataRequestEvent
 0001:0003D074       EurekaLog_CustomFieldsRequestEvent
 0001:0003CDE0       EurekaLog_ExceptionActionNotifyEvent
 0001:0003CE84       EurekaLog_ExceptionErrorNotifyEvent
 0001:0003CD3C       EurekaLog_ExceptionNotifyEvent
 0001:0003CC28       EurekaLog_PasswordRequestEvent
 0001:0003CC6C       EurekaLog_PasswordRequestEventEx
 0002:0000067C       EVals
 0001:00030488       EWebTools
 0001:00001B98       ExceptAddr
 0002:0000300C       ExceptClsProc
 0001:0000CEA8       ExceptHandler
 0001:0000C7AC       Exception.Create
 0001:0000C7E8       Exception.CreateFmt
 0001:0000C938       Exception.CreateHelp
 0001:0000C868       Exception.CreateRes
 0001:0000C8A4       Exception.CreateResFmt
 0002:000045D0       ExceptionActionNotify
 0002:00004920       ExceptionAddressText
 0002:0000301C       ExceptionClass
 0002:00004614       ExceptionCriticalSection
 0001:0000C51C       ExceptionErrorMessage
 0002:000045D4       ExceptionErrorNotify
 0001:0005225C       ExceptionLog
 0001:000503EC       ExceptionManager
 0002:0000491C       ExceptionModuleText
 0002:00004928       ExceptionMsgText
 0002:000045CC       ExceptionNotify
 0002:0000464C       ExceptionNumber
 0002:00004764       ExceptionsTime
 0002:00004768       ExceptionTime
 0001:0003A658       ExceptionTypeByAddr
 0002:00004924       ExceptionTypeText
 0002:00000260       ExceptMap
 0001:0004E444       ExceptNotify
 0001:000487F4       ExceptNotifyAfter1
 0001:000488E4       ExceptNotifyAfter2
 0001:000488F8       ExceptNotifyAfter3
 0001:00001B78       ExceptObject
 0002:00003010       ExceptObjProc
 0002:00003004       ExceptProc
 0001:00006574       ExcludeClipRect
 0002:00000000       ExitCode
 0001:000039CC       ExitDll
 0002:00003048       ExitProc
 0001:000002BC       ExitProcess
 0002:00003028       ExitProcessProc
 0002:0000013C       ExitProcList
 0001:00006174       ExitThread
 0001:000002B4       ExitThread
 0001:00030A30       EXMLBuilder
 0001:0000617C       ExpandEnvironmentStrings
 0001:00008E20       ExpandFileName
 0001:0004595C       ExpandPath
 0001:0003D5EC       ExportedFunctions
 0001:00065358       ExtActns
 0001:00061364       ExtCtrls
 0001:00064204       ExtDlgs
 0001:00008D0C       ExtractFileDrive
 0001:00008DD8       ExtractFileExt
 0001:00008DA0       ExtractFileName
 0001:00008CD8       ExtractFilePath
 0001:00008E5C       ExtractFilePathNoDrive
 0001:0002DAC8       ExtractGZipStream
 0001:0003BA20       ExtractList
 0001:00008EF0       ExtractRelativePath
 0001:0003B38C       ExtractStr
 0001:00021A18       ExtractStringsEx
 0001:0003F96C       ExtractThreadByList
 0001:00032090       ExtractValue
 0001:0002C76C       EZlib
 0002:00004934       fActive
 0002:00001A30       fActivePage
 0002:0000378C       FalseBoolStrs
 0002:00004938       fCaptionFont
 0002:000051FC       FClipboard
 0002:00000170       FCon1E18
 0002:0000492C       fDlgBack
 0002:00004940       fFixedFont1
 0002:00004944       fFixedFont2
 0001:00008A08       FileAge
 0001:00008A00       FileClose
 0001:00008968       FileCreate
 0001:00008944       FileCreate
 0001:00009140       FileDateToDateTime
 0001:00008A70       FileExists
 0002:00001D4C       FileFormats
 0002:0000000C       FileMode
 0001:0000219C       FileNOPProc
 0001:000088EC       FileOpen
 0001:00008970       FileRead
 0002:000003F4       FilerSignature
 0001:000089C8       FileSeek
 0001:00008A80       FileSetAttr
 0001:00006184       FileTimeToDosDateTime
 0001:0000618C       FileTimeToLocalFileTime
 0001:00006194       FileTimeToSystemTime
 0001:0000899C       FileWrite
 0001:00000F38       FillAfterGap
 0001:0003C138       FillAttachedList
 0001:00000ED8       FillBeforeGap
 0001:00000FD8       FillerSizeAfterGap
 0001:00000F60       FillerSizeBeforeGap
 0001:0000689C       FillRect
 0002:00002008       FillStyles
 0001:00005F68       Finalization
 0001:0000EA20       Finalization
 0001:0005B978       Finalization
 0001:000243F0       Finalization
 0001:0005BB58       Finalization
 0001:0002D478       Finalization
 0001:0005BE10       Finalization
 0001:0005BF0C       Finalization
 0001:0005C68C       Finalization
 0001:0005C6CC       Finalization
 0001:0005D6B4       Finalization
 0001:0005D6FC       Finalization
 0001:0005D734       Finalization
 0001:0006C0B0       Finalization
 0001:0005FA2C       Finalization
 0001:00015E94       Finalization
 0001:0006CE9C       Finalization
 0001:0005E780       Finalization
 0001:0005DA58       Finalization
 0001:0005E748       Finalization
 0001:0005DC04       Finalization
 0001:00033FDC       Finalization
 0001:0005E710       Finalization
 0001:00005D38       Finalization
 0001:0005E6D8       Finalization
 0001:0002D754       Finalization
 0001:0006C218       Finalization
 0001:0005E6A0       Finalization
 0001:0005E588       Finalization
 0001:0000F214       Finalization
 0001:0005E5F8       Finalization
 0001:0005E630       Finalization
 0001:0005E668       Finalization
 0001:0006131C       Finalization
 0001:0000E820       Finalization
 0001:00005FE0       Finalization
 0001:00093940       Finalization
 0001:00080CE8       Finalization
 0001:00015B80       Finalization
 0001:00024490       Finalization
 0001:0009E8F4       Finalization
 0001:00024364       Finalization
 0001:00061394       Finalization
 0001:000943D4       Finalization
 0001:00087380       Finalization
 0001:0009F68C       Finalization
 0001:00096D6C       Finalization
 0001:000619D4       Finalization
 0001:00015074       Finalization
 0001:00014E50       Finalization
 0001:000072C0       Finalization
 0001:00096DC4       Finalization
 0001:0005257C       Finalization
 0001:000520A4       Finalization
 0001:00061A68       Finalization
 0001:0002C73C       Finalization
 0001:000352CC       Finalization
 0001:0002E1D0       Finalization
 0001:0009E64C       Finalization
 0001:0009CA50       Finalization
 0001:0009C9C0       Finalization
 0001:00064174       Finalization
 0001:00006F70       Finalization
 0001:000641D4       Finalization
 0001:000270A8       Finalization
 0001:00097CE8       Finalization
 0001:000651E4       Finalization
 0001:00097DC0       Finalization
 0001:0006524C       Finalization
 0001:000652B0       Finalization
 0001:00065308       Finalization
 0001:0007F128       Finalization
 0001:00065360       Finalization
 0001:0001FD24       Finalization
 0001:0009F6D4       Finalization
 0001:0001FE68       Finalization
 0001:00025A40       Finalization
 0001:000995AC       Finalization
 0001:0007DDF8       Finalization
 0001:000212F8       Finalization
 0001:00030A00       Finalization
 0001:00030424       Finalization
 0001:00065498       Finalization
 0001:000660F4       Finalization
 0001:00099508       Finalization
 0001:00025B74       Finalization
 0001:00004E64       FinalizeArray
 0001:000037E0       FinalizeUnits
 0001:00085A48       Find
 0001:0000515C       FindBS
 0001:00018130       FindClass
 0001:000050C4       FindClassHInstance
 0001:000002CC       FindClose
 0001:00008B88       FindClose
 0001:0000619C       FindClose
 0001:00000E94       FindCommitted
 0001:0006F47C       FindControl
 0001:0007BC6C       FindControlAtPos
 0001:00014CA8       FindCustomVariantType
 0001:00014D60       FindCustomVariantType
 0001:00070E9C       FindDragTarget
 0001:00047408       FindEOFLine
 0001:0002F344       FindErrorMessage
 0001:0004A564       FindException
 0001:0001C294       FindExistingComponent
 0001:00008B14       FindFirst
 0001:000002D4       FindFirstFile
 0001:000061A4       FindFirstFile
 0001:0003B750       FindFunction
 0001:00089528       FindGlobalComponent
 0001:0001851C       FindGlobalComponent
 0002:00003864       FindGlobalComponentProcs
 0001:00035AB8       FindHandled
 0001:0000509C       FindHInstance
 0001:000183C4       FindIdentToInt
 0001:000517B8       FindMainInstance
 0001:00008AA8       FindMatchingFile
 0001:00038B88       FindModuleType
 0002:000051BC       FindMsg
 0001:0001B424       FindNestedComponent
 0001:00008B64       FindNext
 0001:000061AC       FindNextFile
 0001:00081C50       FindPopupControl
 0001:0000EEDC       FindProc
 0001:000061B4       FindResource
 0001:00005114       FindResourceHInstance
 0001:00093170       FindScanline
 0001:00033C24       FindSection
 0001:00089480       FindTopMostWindow
 0001:0001D178       FindUniqueName
 0001:00070E68       FindVCLWindow
 0001:000068A4       FindWindow
 0001:0006CC7C       FindWinHelp
 0002:00004954       FixedFontName1
 0002:00004958       FixedFontName2
 0002:0000494C       FixedFontSize
 0001:00058E7C       FixupBitFields
 0002:00002374       Flags
 0002:0000379C       FLanguages
 0001:0005DA88       FlatSB
 0002:00005090       FlatSB_EnableScrollBar
 0002:0000509C       FlatSB_GetScrollInfo
 0002:000050A0       FlatSB_GetScrollPos
 0002:00005098       FlatSB_GetScrollRange
 0002:000050A8       FlatSB_SetScrollInfo
 0002:000050A4       FlatSB_SetScrollPos
 0001:0005D778       FlatSB_SetScrollProp
 0002:000050AC       FlatSB_SetScrollRange
 0002:00005094       FlatSB_ShowScrollBar
 0002:00004948       fLinkFont
 0002:00004ACC       fListViewItems
 0001:00009FC8       FloatToDecimal
 0001:0000A308       FloatToStr
 0001:00009A00       FloatToText
 0001:00009CD4       FloatToTextFmt
 0001:00002400       Flush
 0001:000061BC       FlushInstructionCache
 0002:00004930       fMemoBack
 0002:00004AB0       fMonitor
 0002:00004AB4       fMonitorInfo
 0002:00000184       FMSecsPerDay
 0001:000098F4       FmtStr
 0002:00002390       FocusCount
 0002:0000238C       FocusMessages
 0002:00001C68       FontCharsets
 0002:00005028       FontManager
 0001:00099E38       FontToOleFont
 0001:00050340       ForceApplicationTermination
 0001:000894FC       ForegroundTask
 0002:0000018C       Format
 0001:000098E0       Format
 0001:000094D0       FormatBuf
 0001:000094C4       FormatClearStr
 0001:0004A2D0       FormatComplete
 0001:0000B5C8       FormatDateTime
 0001:00009448       FormatError
 0002:00000168       FormatErrorStrs
 0001:0000A368       FormatFloat
 0001:000061C4       FormatMessage
 0001:000094A0       FormatVarToStr
 0001:0009399C       Forms
 0001:00002878       FPower10
 0002:00001D9C       FPrinter
 0001:000068AC       FrameRect
 0001:0000E400       FreeAndNil
 0001:00000B94       FreeCommitted
 0001:000011CC       FreeCurAlloc
 0001:00070F5C       FreeDeviceContext
 0001:00071018       FreeDeviceContexts
 0001:0001FAF0       FreeIntConstList
 0001:000002DC       FreeLibrary
 0001:000061CC       FreeLibrary
 0001:0009A280       FreeList
 0001:000589D8       FreeMemoryContexts
 0001:0001FC24       FreeObjectInstance
 0001:000061EC       FreeResource
 0001:00045920       FreeScreenshot
 0001:00000764       FreeSpace
 0001:0000DF00       FreeTerminateProcs
 0001:0005DC3C       FreeThemeLibrary
 0002:000046D4       FreezeThread
 0002:0000525C       FRichEditModule
 0002:000045AC       FtpOpenFile
 0001:0002FFB4       FTPUploadFiles
 0001:0003A754       FunctionSize
 0002:0000493C       fVariableFont
 0001:000556F4       GDICheck
 0001:0005564C       GDIError
 0001:00042078       GeneralDialogProc
 0001:0004EBA4       GeneralRaise
 0001:000362B4       GeneralToRTF
 0001:00039FD0       GenerateHTML
 0001:0002F430       GenerateMultipartBoundary
 0001:0002F560       GenerateRequestBody
 0001:000020A8       Get8087CW
 0001:000061F4       GetACP
 0001:0009E880       GetActCode
 0001:00048C54       GetActiveControlClass
 0001:00048C6C       GetActiveControlText
 0001:00048B74       GetActiveFormClass
 0001:00048BC0       GetActiveFormText
 0001:000450C4       GetActiveMonitorData
 0001:000068B4       GetActiveWindow
 0001:00049DCC       GetAdapterInfo
 0001:00090D74       GetAnimation
 0001:000496D0       GetApplicationName
 0001:00024C70       GetAsmSize
 0001:0005EB94       GetAveCharSize
 0001:0004E980       GetBaseOfStack
 0001:0000657C       GetBitmapBits
 0001:00000420       GetBlockDesc
 0001:00006584       GetBrushOrgEx
 0001:00006D70       GetBValue
 0001:0003E7F8       GetCallStackByAddresses
 0001:00037A14       GetCallStackDump
 0001:000068BC       GetCapture
 0001:0006F798       GetCaptureControl
 0001:000180DC       GetClass
 0001:000068C4       GetClassInfo
 0001:000068CC       GetClassName
 0001:000068D4       GetClientRect
 0001:000068DC       GetClipboardData
 0001:000570F8       GetClipboardFormats
 0001:0000658C       GetClipBox
 0001:000003BC       GetCmdShow
 0001:0007F380       GetColor
 0001:0003514C       GetColumnAlign
 0001:00035120       GetColumnCount
 0001:00065438       GetComCtlVersion
 0001:00006204       GetCommandLine
 0001:000002E4       GetCommandLine
 0001:000009A8       GetCommitted
 0001:00000A50       GetCommittedAt
 0001:00048B0C       GetCompilationDate
 0001:0000620C       GetComputerName
 0001:0007660C       GetControlAtPos
 0001:0004DFA4       GetControlClass
 0001:0004DFFC       GetControlText
 0001:0000AA34       GetCount
 0001:000061FC       GetCPInfo
 0001:000091AC       GetCurrentDir
 0001:000002EC       GetCurrentDirectory
 0001:00006594       GetCurrentObject
 0001:0000659C       GetCurrentPositionEx
 0001:00006214       GetCurrentProcess
 0001:0000621C       GetCurrentProcessId
 0001:000503E4       GetCurrentStackPointer
 0001:0004E988       GetCurrentStackPointer
 0002:00005174       GetCurrentThemeName
 0001:00006224       GetCurrentThread
 0001:0000622C       GetCurrentThreadId
 0001:000003AC       GetCurrentThreadId
 0001:00006CE4       GetCurrentTime
 0001:000371CC       GetCurrentTopOfStack
 0001:000068E4       GetCursor
 0001:00093180       GetCursorHeightMargin
 0001:000068EC       GetCursorPos
 0001:0000AA64       GetDate
 0001:00006234       GetDateFormat
 0001:0000B758       GetDateOrder
 0001:000068F4       GetDC
 0001:000068FC       GetDCEx
 0001:000065A4       GetDCOrgEx
 0001:0003E1E8       GetDebugDetail
 0001:0003B7F8       GetDebugInfosByAddr
 0001:0003B538       GetDebugPartialInfo
 0001:0005B580       GetDefFontCharSet
 0001:00006904       GetDesktopWindow
 0001:000065BC       GetDeviceCaps
 0001:00042674       GetDialogState
 0001:00056684       GetDIB
 0001:000065AC       GetDIBColorTable
 0001:000065B4       GetDIBits
 0001:000565CC       GetDIBSizes
 0001:00055864       GetDInColors
 0001:0000623C       GetDiskFreeSpaceA
 0002:00000138       GetDiskFreeSpaceEx
 0001:00049488       GetDiskInfo
 0001:00049BF0       GetDisplayMode
 0001:0000690C       GetDlgItem
 0001:0002685C       GetDNSList
 0001:0007CF24       GetDockAlign
 0001:00070140       GetDockSiteAtPos
 0001:00026A28       GetDomain
 0001:00026B94       GetDomainName
 0001:0007046C       GetDropCtl
 0001:0004B278       GetDump
 0001:00002F08       GetDynaMethod
 0001:0004AFB8       GetEAX
 0001:0004B010       GetEBX
 0001:0004B068       GetECX
 0001:0004B170       GetEDI
 0001:0004B0C0       GetEDX
 0001:0003D374       GetEF
 0001:0004B220       GetEIP
 0001:0004B4F4       GetEmptySection
 0001:000065C4       GetEnhMetaFileBits
 0001:000065CC       GetEnhMetaFileDescription
 0001:000065D4       GetEnhMetaFileHeader
 0001:000065DC       GetEnhMetaFilePaletteEntries
 0001:000150E4       GetEnumName
 0001:000151BC       GetEnumNameValue
 0001:00015208       GetEnumValue
 0001:00006244       GetEnvironmentVariable
 0001:0000C238       GetEraNamesAndYearOffsets
 0001:0000B7EC       GetEraYearOffset
 0001:00015E80       GetErrorInfo
 0001:0004B118       GetESI
 0001:0004B1C8       GetESP
 0001:00037A04       GetESP
 0001:00048EE0       GetExceptionAddress
 0001:0000CBF0       GetExceptionClass
 0001:00048EC8       GetExceptionDate
 0001:000492A4       GetExceptionMessage
 0001:00048F14       GetExceptionModule
 0001:0000CDDC       GetExceptionObject
 0001:00048F68       GetExceptionType
 0001:0003E934       GetExceptMessage
 0001:0000624C       GetExitCodeProcess
 0001:00006254       GetExitCodeThread
 0001:00018064       GetFieldClassTable
 0001:0000625C       GetFileAttributes
 0001:0002F4F4       GetFileContents
 0001:000570D8       GetFileFormats
 0001:0000025C       GetFileSize
 0001:0002FF78       GetFileSize
 0001:000390B4       GetFileSize
 0001:00000254       GetFileType
 0001:0000D04C       GetFileVersion
 0001:000064AC       GetFileVersionInfo
 0001:000064B4       GetFileVersionInfoSize
 0001:00006914       GetFocus
 0001:000982A8       GetFontAccess
 0001:00054160       GetFontData
 0001:0000691C       GetForegroundWindow
 0001:0000D974       GetFormatSettings
 0001:00049578       GetFreeDisk
 0001:000493F8       GetFreeMemory
 0001:00006264       GetFullPathName
 0001:00021C4C       GetGMT
 0001:00006D6C       GetGValue
 0001:0000626C       GetHandleInformation
 0001:000536A8       GetHashCode
 0001:0008E2C0       GetHelpInfo
 0001:0005CB4C       GetHelpSystem
 0001:00090B58       GetHint
 0001:00090B90       GetHintControl
 0001:00024460       gethostbyname
 0001:00024468       gethostname
 0001:00087220       GetHotkey
 0001:0002F85C       GetHTTPResponse
 0001:00006924       GetIconInfo
 0001:0009782C       GetIDsOfNames
 0001:0004E7BC       GetIntraWebExceptionType
 0001:000340BC       GetItemRect
 0001:0004130C       GetItemText
 0001:0000693C       GetKeyboardLayout
 0001:00006944       GetKeyboardLayoutList
 0001:0000694C       GetKeyboardState
 0001:00002B64       GetKeyboardType
 0001:0000692C       GetKeyNameText
 0001:00006934       GetKeyState
 0001:00048E94       GetLanguageString
 0001:00006954       GetLastActivePopup
 0001:0007B1EC       GetLastChildZone
 0001:00006274       GetLastError
 0001:000002F4       GetLastError
 0001:0003C254       GetLastExceptionObject
 0001:0000BFFC       GetLocaleChar
 0001:00048D68       GetLocaleDataA
 0001:00048D28       GetLocaleDataW
 0001:00006284       GetLocaleInfo
 0001:000002FC       GetLocaleInfo
 0001:0000628C       GetLocaleInfoA
 0001:00006294       GetLocaleInfoW
 0001:0000BFB0       GetLocaleStr
 0001:0000627C       GetLocalTime
 0001:0006F700       GetLongHint
 0001:00021630       GetLongNameFromShort
 0001:000154B4       GetLongStrProp
 0001:00038730       GetMainWindow
 0001:000065E4       GetMapMode
 0001:0002D0A0       GetMD5Key
 0001:0000695C       GetMenu
 0001:0008E248       GetMenuHelpContext
 0001:00006964       GetMenuItemCount
 0001:0000696C       GetMenuItemID
 0001:00006974       GetMenuItemInfo
 0001:00084294       GetMenuSize
 0001:0000697C       GetMenuState
 0001:00006984       GetMenuString
 0001:0000698C       GetMessageTime
 0001:00015A58       GetMethodProp
 0001:0002158C       GetModifiedDate
 0001:00038E0C       GetModuleDescriptionAndVersion
 0001:0000629C       GetModuleFileName
 0001:00000304       GetModuleFileName
 0001:000062A4       GetModuleHandle
 0001:0000030C       GetModuleHandle
 0001:00005E60       GetModuleHandle
 0001:00038D4C       GetModulePath
 0001:000393E4       GetModulesList
 0001:00039254       GetModulesWin9X
 0001:000390F0       GetModulesWinNT
 0002:00005058       GetMonitorInfo
 0002:0000505C       GetMonitorInfoA
 0002:00005060       GetMonitorInfoW
 0001:0000C060       GetMonthDayNames
 0001:00026D94       GetMXBestRecord
 0001:00026CF4       GetMXRecord
 0001:00026E84       GetMXServerFromEmail
 0001:0004A134       GetNetworkData
 0001:00006994       GetNextWindow
 0001:000065EC       GetObject
 0001:00098348       GetOleFont
 0001:00098400       GetOlePicture
 0001:00044F0C       GetOptimizedPalette
 0001:000152DC       GetOrdProp
 0001:00048CE0       GetOSBuild
 0001:00048EBC       GetOSLanguage
 0001:00037554       GetOSType
 0001:00048D14       GetOSUpdate
 0001:00044AD8       GetPaletteColors
 0001:000065F4       GetPaletteEntries
 0001:00048A68       GetParameters
 0001:00001E18       GetParamStr
 0001:0000699C       GetParent
 0001:000896F4       GetParentForm
 0001:0003DBBC       GetPassword
 0001:000982F8       GetPictureAccess
 0001:000065FC       GetPixel
 0001:000062AC       GetPrivateProfileString
 0001:000062B4       GetProcAddress
 0001:00000314       GetProcAddress
 0001:0004974C       GetProcessor
 0001:000069A4       GetProp
 0001:0001526C       GetPropInfo
 0001:000214A4       GetReadableSize
 0001:0003BB44       GetRealFileName
 0001:00089BB4       GetRealScrollPosition
 0001:0009E804       GetRegCode
 0001:0003A808       GetResourceData
 0001:0007F360       GetRGBColor
 0001:00006D68       GetRValue
 0001:000069AC       GetScrollInfo
 0001:000069B4       GetScrollPos
 0001:000069BC       GetScrollRange
 0001:0006F6BC       GetShortHint
 0001:000153AC       GetShortStrProp
 0001:00015444       GetShortStrPropAsLongStr
 0001:0003AB44       GetSourceInfoByAddr
 0001:00000688       GetSpace
 0001:000006EC       GetSpaceAt
 0001:00081CE0       GetSpecialName
 0001:0004B464       GetStack
 0001:000496B8       GetStartDate
 0001:0000031C       GetStartupInfo
 0001:000062BC       GetStartupInfo
 0001:00000264       GetStdHandle
 0001:000062C4       GetStdHandle
 0001:00006604       GetStockObject
 0001:000062CC       GetStringTypeEx
 0001:000155E4       GetStrProp
 0001:000069C4       GetSubMenu
 0001:0003B23C       GetSymbolAddr
 0001:000069CC       GetSysColor
 0001:000069D4       GetSysColorBrush
 0001:000062D4       GetSystemDefaultLangID
 0001:000062DC       GetSystemInfo
 0001:000069DC       GetSystemMenu
 0001:000069E4       GetSystemMetrics
 0002:00005048       GetSystemMetrics
 0001:0000660C       GetSystemPaletteEntries
 0001:000062E4       GetSystemTime
 0001:00049938       GetSystemUpTime
 0001:000062EC       GetTempPath
 0001:0000661C       GetTextExtentPoint
 0001:00006614       GetTextExtentPoint32
 0001:0003F2FC       GetTextHeight
 0001:00006624       GetTextMetrics
 0002:0000516C       GetThemeAppProperties
 0002:000050D8       GetThemeBackgroundContentRect
 0002:000050DC       GetThemeBackgroundExtent
 0002:000050EC       GetThemeBackgroundRegion
 0002:00005110       GetThemeBool
 0002:00005104       GetThemeColor
 0002:00005178       GetThemeDocumentationProperty
 0002:00005118       GetThemeEnumValue
 0002:00005138       GetThemeFilename
 0002:00005120       GetThemeFont
 0002:00005114       GetThemeInt
 0002:0000512C       GetThemeIntList
 0002:00005128       GetThemeMargins
 0002:00005108       GetThemeMetric
 0002:000050E0       GetThemePartSize
 0002:0000511C       GetThemePosition
 0002:00005130       GetThemePropertyOrigin
 0002:00005124       GetThemeRect
 0002:0000510C       GetThemeString
 0002:00005144       GetThemeSysBool
 0002:0000513C       GetThemeSysColor
 0002:00005140       GetThemeSysColorBrush
 0002:0000514C       GetThemeSysFont
 0002:00005154       GetThemeSysInt
 0002:00005148       GetThemeSysSize
 0002:00005150       GetThemeSysString
 0002:000050E4       GetThemeTextExtent
 0002:000050E8       GetThemeTextMetrics
 0001:000062F4       GetThreadContext
 0001:0003FA04       GetThreadData
 0001:000062FC       GetThreadLocale
 0001:00000324       GetThreadLocale
 0001:0004E744       GetThreadParams
 0001:00006304       GetThreadPriority
 0001:0000630C       GetTickCount
 0001:0000AA9C       GetTime
 0001:00005E8C       GetTlsSize
 0001:00091338       GetTopMostWindows
 0001:00037A0C       GetTopOfStack
 0001:0006F8A0       GetTopParent
 0001:000069EC       GetTopWindow
 0001:00049618       GetTotalDisk
 0001:00049368       GetTotalMemory
 0001:000150D8       GetTypeData
 0001:0002DF28       GetUnixGMTFileTime
 0001:00006314       GetUserDefaultLCID
 0001:000060E4       GetUserName
 0001:000222A0       GetUserPath
 0001:000003B4       GetVersion
 0001:0000631C       GetVersion
 0001:00006324       GetVersionEx
 0001:00048C84       GetVersionNumber
 0001:00024814       GetVirtualMethod
 0001:00015650       GetWideStrProp
 0001:00015534       GetWideStrPropAsLongStr
 0001:000069F4       GetWindow
 0001:000069FC       GetWindowDC
 0001:00006A04       GetWindowLong
 0001:00006634       GetWindowOrgEx
 0001:00006A0C       GetWindowPlacement
 0001:00006A14       GetWindowRect
 0001:0000632C       GetWindowsDirectory
 0001:00006A1C       GetWindowText
 0002:00005160       GetWindowTheme
 0001:00006A24       GetWindowThreadProcessId
 0001:00006A2C       GetWindowThreadProcessId
 0001:0000662C       GetWinMetaFileBits
 0001:00022324       GetWorkingFile
 0001:00006334       GlobalAddAtom
 0001:0000633C       GlobalAlloc
 0001:00006D00       GlobalAllocPtr
 0001:00006344       GlobalDeleteAtom
 0001:0000634C       GlobalFindAtom
 0002:00003868       GlobalFixupList
 0001:0001B56C       GlobalFixupReferences
 0001:00006354       GlobalFree
 0001:00006D2C       GlobalFreePtr
 0001:00006364       GlobalHandle
 0001:0000635C       GlobalLock
 0001:0000636C       GlobalMemoryStatus
 0002:0000384C       GlobalNameSpace
 0001:00006374       GlobalReAlloc
 0001:00006D10       GlobalReAllocPtr
 0002:00004B68       GlobalSendValues
 0001:0000637C       GlobalSize
 0001:00006384       GlobalUnlock
 0002:00004900       Global_AttachedFiles
 0002:000048F0       Global_CurrentEvent
 0002:000048FC       Global_CustomData
 0002:000048D0       Global_ExceptionRecord
 0002:000048B1       Global_Execute
 0002:00004904       Global_FieldsName
 0002:00004908       Global_FieldsValue
 0002:000048B2       Global_Handled
 0002:00001A28       Global_IntoHandleException
 0002:00004910       Global_IntraWebText
 0002:000048F8       Global_LastInitPassword
 0002:0000490C       Global_Module
 0002:000048F4       Global_Password
 0002:000048B3       Global_Retry
 0002:00004914       Global_WebTextID
 0002:00001FF8       GlyphCache
 0001:0004EA94       GoNotify
 0001:0005BA4C       Graphics
 0001:00018258       GroupDescendentsWith
 0002:000003BC       GUID_NULL
 0001:00051060       HandleAnyExceptionAddr
 0002:00004650       HandleAnyExceptionAddr_Variable
 0001:00051104       HandleAutoExceptionAddr
 0002:00004658       HandleAutoExceptionAddr_Variable
 0001:00034BA8       HandleBackgroundState
 0001:0000FCF4       HandleConversionException
 0002:000047A8       HandledCache
 0002:000047A4       HandledCacheCount
 0002:00004898       HandledCacheCriticalSection
 0001:0008E4C8       HandleEdge
 0001:0009827C       HandleException
 0001:0001C9D0       HandleException
 0001:000510AC       HandleOnExceptionAddr
 0002:00004654       HandleOnExceptionAddr_Variable
 0002:00000028       HeapAllocFlags
 0002:000035C8       heapErrorCode
 0002:000035CC       heapLock
 0001:0005D6F4       HelpIntfs
 0002:00005084       HelpManager
 0002:000051B8       HelpMsg
 0002:00005280       HelpViewer
 0002:00005284       HelpViewerIntf
 0002:00000134       HexDisplayPrefix
 0001:0001E318       HexToBin
 0002:000020E0       HideSelections
 0001:0007CFA0       HideZone
 0001:00099014       HIMETRICtoDP
 0002:00003668       HInstance
 0002:0000533C       HintDoneEvent
 0001:00090C60       HintGetMsgHook
 0002:00005340       HintHook
 0001:00090C04       HintMouseThread
 0002:00005344       HintThread
 0002:00005338       HintThreadID
 0001:00090BB0       HintTimerProc
 0002:00002384       HintWindowClass
 0002:000050F0       HitTestThemeBackground
 0001:00006CE0       HiWord
 0001:0003D288       HookBPLProcedure
 0001:000254F0       HookDllProcedure
 0001:0004F63C       HookedCreateThread
 0001:0004EEB8       HookedExceptionObject
 0001:0004F054       HookedExceptProc
 0001:0004FADC       HookedExitThread
 0001:0004FBC4       HookedHttpExtensionProc
 0002:000038B8       HookedMethodsList
 0002:000038B0       HookedProcedures
 0001:0004EDE0       HookedRaise
 0001:0004F8BC       HookedResumeThread
 0001:0004F278       HookedRTLThreadProc
 0001:0004EF9C       HookedRtlUnwind
 0001:0004F120       HookedThreadExecute
 0001:0004F3A8       HookedThreadProc
 0001:0004FB90       HookedWriteClientProc
 0001:0004EFC4       HookedWriteFile
 0001:00050528       Hooked_CGIHandleServerException
 0001:0005063C       Hooked_CLXHandleException
 0001:0005066C       Hooked_CLXShowException
 0001:00050BA0       Hooked_IndyThreadHandleException
 0001:000506C0       Hooked_IntraWebCreateServer
 0001:00050884       Hooked_IntraWebSendResponse
 0001:00050558       Hooked_ISAPIHandleServerException
 0001:00050AEC       Hooked_NTServiceLogMessage
 0001:00050588       Hooked_VCLHandleException
 0001:000505FC       Hooked_VCLShowException
 0001:00090CA4       HookHintHooks
 0001:00051788       HookingModuleName
 0001:000517AC       HookingRTLModuleName
 0001:00051180       HookLastFInit
 0001:00051164       HookLastInit
 0001:0002506C       HookProcedure
 0001:000251AC       HookProcedureEx
 0001:0003D1E4       HookSymbolProcedure
 0001:00024884       HookVirtualMethod
 0001:00051190       Hook_InitializationAndFinalization
 0001:00051340       Hook_OnExceptionEvents
 0001:00046534       HostName
 0001:00024438       htons
 0002:0000458C       HttpAddRequestHeaders
 0002:0000459C       HttpEndRequest
 0002:00004588       HttpOpenRequest
 0002:000045A0       HttpQueryInfo
 0002:00004590       HttpSendRequest
 0002:00004594       HttpSendRequestEx
 0001:0002FABC       HTTPUploadFiles
 0001:00006E78       HwndMSWheel
 0002:00002318       IBreaks
 0002:00002324       IChecks
 0002:00001DBC       IconIDs
 0002:00001A8C       IDATHeader
 0001:00044978       IDATWrite
 0002:0000232C       IDefaults
 0001:00054150       IdentToCharset
 0001:00053F48       IdentToColor
 0001:0006F6AC       IdentToCursor
 0001:00018440       IdentToInt
 0002:00002334       IEnables
 0001:00035E58       ifelseStr
[...]
 0002:000037E8       VarCyFromStr
 0002:000037EC       VarBoolFromStr
 0002:000037F0       VarBstrFromCy
 0002:000037F4       VarBstrFromDate
 0002:000037F8       VarBstrFromBool
 0002:000037FC       .5
 0002:00003800       EmptyParam
 0002:00003810       VarDispProc
 0002:00003814       ClearAnyProc
 0002:00003818       ChangeAnyProc
 0002:0000381C       RefAnyProc
 0002:00003820       .81
 0002:00003824       LVarTypes
 0002:00003828       LVarTypeSync
 0002:00003840       .1
 0002:00003844       .6
 0002:00003848       .3
 0002:0000384C       GlobalNameSpace
 0002:00003850       IsUniqueGlobalComponentNameProc
 0002:00003854       SyncEvent
 0002:00003858       .45
 0002:0000385C       IntConstList
 0002:00003860       RegGroups
 0002:00003864       FindGlobalComponentProcs
 0002:00003868       GlobalFixupList
 0002:0000386C       ThreadLock
 0002:00003884       ThreadCount
 0002:00003888       InstBlockList
 0002:0000388C       InstFreeList
 0002:00003890       .1
 0002:00003894       .4
 0002:00003898       LastEurekaVersion
 0002:0000389C       .2
 0002:000038A0       InternalIntoIDE
 0002:000038A4       .1
 0002:000038A8       .1
 0002:000038AC       .1
 0002:000038B0       HookedProcedures
 0002:000038B4       DllList
 0002:000038B8       HookedMethodsList
 0002:000038BC       .1
 0002:000038C0       .4
 0002:000038C4       .2
 0002:000038C8       ..
 0002:00004154       .1
 0002:00004158       CV
 0002:00004160       KeyData
 0002:00004170       .1
 0002:00004174       .3
 0002:00004178       crc_table
 0002:00004578       .1
 0002:0000457C       NetLib
 0002:00004580       InternetOpen
 0002:00004584       InternetConnect
 0002:00004588       HttpOpenRequest
 0002:0000458C       HttpAddRequestHeaders
 0002:00004590       HttpSendRequest
 0002:00004594       HttpSendRequestEx
 0002:00004598       InternetWriteFile
 0002:0000459C       HttpEndRequest
 0002:000045A0       HttpQueryInfo
 0002:000045A4       InternetCloseHandle
 0002:000045A8       InternetSetOption
 0002:000045AC       FtpOpenFile
 0002:000045B0       InternetGetLastResponseInfo
 0002:000045B4       InternetOpenUrl
 0002:000045B8       InternetReadFile
 0002:000045BC       InternetGetConnectedState
 0002:000045C0       .3
 0002:000045C4       .3
 0002:000045C8       .2
 0002:000045CC       ExceptionNotify
 0002:000045D0       ExceptionActionNotify
 0002:000045D4       ExceptionErrorNotify
 0002:000045D8       PasswordRequest
 0002:000045DC       CustomDataRequest
 0002:000045E0       AttachedFilesRequest
 0002:000045E4       CustomFieldsRequest
 0002:000045E8       .8
 0002:000045EC       Kernel_RaiseException
 0002:000045F0       Kernel_RtlUnwind
 0002:000045F4       Kernel_CreateThread
 0002:000045F8       Kernel_ResumeThread
 0002:000045FC       Kernel_ExitThread
 0002:00004600       Kernel_WriteFile
 0002:00004604       ISAPI_HttpExtensionProc
 0002:00004608       ISAPI_WriteClientProc
 0002:0000460C       ISAPI_Proc
 0002:00004610       ServerECB
 0002:00004614       ExceptionCriticalSection
 0002:0000462C       OldExceptProc
 0002:00004630       ThreadsList
 0002:00004634       StartingDate
 0002:0000463C       OldExceptObjProc
 0002:00004640       CurrentOptions
 0002:00004644       CGIOutputFile
 0002:00004648       LanguageStr
 0002:0000464C       ExceptionNumber
 0002:00004650       HandleAnyExceptionAddr_Variable
 0002:00004654       HandleOnExceptionAddr_Variable
 0002:00004658       HandleAutoExceptionAddr_Variable
 0002:0000465C       TerminateApplication
 0002:00004660       LastInitializationPtr
 0002:00004664       LastFinalizationPtr
 0002:00004668       IntraWeb_CreateServer
 0002:0000466C       IntraWeb_OnException_Old
 0002:00004670       IntraWeb_OnException_New
 0002:00004674       Indy_OnException
 0002:0000467C       IntraWeb_ShowMessage
 0002:00004680       IntraWeb_SendResponse
 0002:00004684       VCLHandleException
 0002:00004688       VCLShowException
 0002:0000468C       NTService_LogMessage
 0002:00004690       IndyThread_HandleException
 0002:00004694       CGIHandleException
 0002:00004698       ISAPIHandleException
 0002:0000469C       CLXHandleException
 0002:000046A0       CLXShowException
 0002:000046A4       LastHTMLPage
 0002:000046A8       LastInitPointer
 0002:000046AC       IntoInitialization
 0002:000046AD       IntoFinalization
 0002:000046B0       OriginalThreadProc
 0002:000046B4       IntraWebApplication
 0002:000046B8       IntraWebServerController
 0002:000046BC       IntraWebCompressedPage
 0002:000046C0       IntraWeb_Version
 0002:000046C4       IntraWeb_NewEvent
 0002:000046C8       CurrentGeneralErrorText
 0002:000046CC       CurrentCPUErrorText
 0002:000046D0       OnlySafeCallExceptions
 0002:000046D1       CanHookLibraries
 0002:000046D4       FreezeThread
 0002:000046D8       MainThreadHandle
 0002:000046DC       MainThreadTopOfStack
 0002:000046E0       LastExceptAddr
 0002:000046E4       RaisedExceptAddr
 0002:000046E8       LastExceptThreadID
 0002:000046EC       LastExceptObject
 0002:000046F0       LastDelphiException
 0002:000046F4       LastExceptMessage
 0002:000046F8       CustomExceptMessage
 0002:000046FC       LastExceptionRecord
 0002:00004700       LastExceptionLog
 0002:00004704       LastLog
 0002:00004708       CanSendEmail_Show
 0002:00004709       CanAttachScreenshot_Show
 0002:0000470A       CanCopy_Show
 0002:0000470B       CanSupport_Show
 0002:0000470C       CanSendMessage
 0002:0000470D       CanAttachScreenshot
 0002:0000470E       CanCopy
 0002:0000470F       DuplicatedException
 0002:00004710       StartDir
 0002:00004714       SynchronizeExcept
 0002:00004718       SynchronizeRaise
 0002:0000471C       ThreadWrapperAddr
 0002:00004720       InternalErrorCode
 0002:00004724       InternalErrorMsg
 0002:00004728       EurekaLogList
 0002:0000472C       CurrentRequestValue
 0002:00004730       ThreadsCriticalSection
 0002:00004748       InactiveThreads
 0002:0000474C       ActivateEurekaLog
 0002:0000474D       NotLoadDebugInfo
 0002:00004750       ModuleInfoHandle
 0002:00004754       ModuleInfoData
 0002:00004758       AutoCloseTimer
 0002:0000475C       CurrentDialog
 0002:00004760       UseTopMost
 0002:00004764       ExceptionsTime
 0002:00004768       ExceptionTime
 0002:00004770       DbgSection
 0002:00004774       CurrentProcessWindowsList
 0002:00004778       IndyHooked
 0002:0000477C       LastDumpCriticalSection
 0002:00004794       LastExceptionThreadID
 0002:00004798       LastExceptionCallStackAddress
 0002:0000479C       LastExceptionCallStackSize
 0002:000047A0       LastExceptionCallStackDump
 0002:000047A4       HandledCacheCount
 0002:000047A8       HandledCache
 0002:00004898       HandledCacheCriticalSection
 0002:000048B0       DebugHook_Assigned
 0002:000048B1       Global_Execute
 0002:000048B2       Global_Handled
 0002:000048B3       Global_Retry
 0002:000048B4       OldGlobal_ExceptionRecord
 0002:000048D0       Global_ExceptionRecord
 0002:000048EC       MustFreeGlobalMappedObject
 0002:000048F0       Global_CurrentEvent
 0002:000048F4       Global_Password
 0002:000048F8       Global_LastInitPassword
 0002:000048FC       Global_CustomData
 0002:00004900       Global_AttachedFiles
 0002:00004904       Global_FieldsName
 0002:00004908       Global_FieldsValue
 0002:0000490C       Global_Module
 0002:00004910       Global_IntraWebText
 0002:00004914       Global_WebTextID
 0002:00004918       Cached_LogFile
 0002:0000491C       ExceptionModuleText
 0002:00004920       ExceptionAddressText
 0002:00004924       ExceptionTypeText
 0002:00004928       ExceptionMsgText
 0002:0000492C       fDlgBack
 0002:00004930       fMemoBack
 0002:00004934       fActive
 0002:00004938       fCaptionFont
 0002:0000493C       fVariableFont
 0002:00004940       fFixedFont1
 0002:00004944       fFixedFont2
 0002:00004948       fLinkFont
 0002:0000494C       FixedFontSize
 0002:00004950       CaptionFontName
 0002:00004954       FixedFontName1
 0002:00004958       FixedFontName2
 0002:0000495C       NonClientMetrics
 0002:00004AB0       fMonitor
 0002:00004AB4       fMonitorInfo
 0002:00004ACC       fListViewItems
 0002:00004AD0       rSupport
 0002:00004AE0       SupportLinkActive
 0002:00004AE4       OriginalWidth
 0002:00004AE8       OriginalHeight
 0002:00004AEC       RealLeft
 0002:00004AF0       RealTop
 0002:00004AF4       RealWidth
 0002:00004AF8       RealHeight
 0002:00004AFC       ListWidth
 0002:00004B00       ListHeight
 0002:00004B04       TextWidth
 0002:00004B08       LeftButton
 0002:00004B0C       TopButton
 0002:00004B10       WindowState
 0002:00004B14       ColWidths
 0002:00004B54       DetailsActive
 0002:00004B58       MainDialog
 0002:00004B5C       IsDialogShowed
 0002:00004B60       DialogHeight
 0002:00004B64       CAPTION_HEIGHT
 0002:00004B68       GlobalSendValues
 0002:00004B80       SavedLastHTMLPage
 0002:00004B84       PNG_ColoursCount
 0002:00004B88       PNG_RowBytes
 0002:00004B8C       PNG_DataSize
 0002:00004B90       PNG_ImgData
 0002:00004B94       PNG_Data
 0002:00004B98       PNG_HeaderData
 0002:00004BA8       PNG_Encode_Filter
 0002:00004BAC       PNG_Encode_Data
 0002:00004BB0       PNG_CRCList
 0002:00004FB0       PNG_pal
 0002:00004FB4       PNG_UsePal
 0002:00004FB8       PNG_HWindow
 0002:00004FBC       PNG_FocusWnd
 0002:00004FC0       PNG_Cursor
 0002:00004FC4       PNG_DCScreen
 0002:00004FC8       PNG_DCCompatible
 0002:00004FCC       PNG_Bitmap
 0002:00004FD0       PNG_Width
 0002:00004FD4       PNG_Height
 0002:00004FD8       .1
 0002:00004FDC       SystemPalette16
 0002:00004FE0       .12
 0002:00004FE4       ScreenLogPixels
 0002:00004FE8       StockPen
 0002:00004FEC       StockBrush
 0002:00004FF0       StockFont
 0002:00004FF4       StockIcon
 0002:00004FF8       BitmapImageLock
 0002:00005010       CounterLock
 0002:00005028       FontManager
 0002:0000502C       PenManager
 0002:00005030       BrushManager
 0002:00005034       CanvasList
 0002:00005038       PatternManager
 0002:0000503C       .2
 0002:00005040       .21
 0002:00005044       .1
 0002:00005048       GetSystemMetrics
 0002:0000504C       MonitorFromWindow
 0002:00005050       MonitorFromRect
 0002:00005054       MonitorFromPoint
 0002:00005058       GetMonitorInfo
 0002:0000505C       GetMonitorInfoA
 0002:00005060       GetMonitorInfoW
 0002:00005064       EnumDisplayMonitors
 0002:00005068       .1
 0002:0000506C       User32Dll
 0002:00005070       InitApis
 0002:00005078       MMAvailable
 0002:0000507C       .1
 0002:00005080       .2
 0002:00005084       HelpManager
 0002:00005088       .3
 0002:0000508C       .3
 0002:00005090       FlatSB_EnableScrollBar
 0002:00005094       FlatSB_ShowScrollBar
 0002:00005098       FlatSB_GetScrollRange
 0002:0000509C       FlatSB_GetScrollInfo
 0002:000050A0       FlatSB_GetScrollPos
 0002:000050A4       FlatSB_SetScrollPos
 0002:000050A8       FlatSB_SetScrollInfo
 0002:000050AC       FlatSB_SetScrollRange
 0002:000050B0       .1
 0002:000050B4       _FlatSB_GetScrollProp
 0002:000050B8       _FlatSB_SetScrollProp
 0002:000050BC       _InitializeFlatSB
 0002:000050C0       _UninitializeFlatSB
 0002:000050C4       .6
 0002:000050C8       OpenThemeData
 0002:000050CC       CloseThemeData
 0002:000050D0       DrawThemeBackground
 0002:000050D4       DrawThemeText
 0002:000050D8       GetThemeBackgroundContentRect
 0002:000050DC       GetThemeBackgroundExtent
 0002:000050E0       GetThemePartSize
 0002:000050E4       GetThemeTextExtent
 0002:000050E8       GetThemeTextMetrics
 0002:000050EC       GetThemeBackgroundRegion
 0002:000050F0       HitTestThemeBackground
 0002:000050F4       DrawThemeEdge
 0002:000050F8       DrawThemeIcon
 0002:000050FC       IsThemePartDefined
 0002:00005100       IsThemeBackgroundPartiallyTransparent
 0002:00005104       GetThemeColor
 0002:00005108       GetThemeMetric
 0002:0000510C       GetThemeString
 0002:00005110       GetThemeBool
 0002:00005114       GetThemeInt
 0002:00005118       GetThemeEnumValue
 0002:0000511C       GetThemePosition
 0002:00005120       GetThemeFont
 0002:00005124       GetThemeRect
 0002:00005128       GetThemeMargins
 0002:0000512C       GetThemeIntList
 0002:00005130       GetThemePropertyOrigin
 0002:00005134       SetWindowTheme
 0002:00005138       GetThemeFilename
 0002:0000513C       GetThemeSysColor
 0002:00005140       GetThemeSysColorBrush
 0002:00005144       GetThemeSysBool
 0002:00005148       GetThemeSysSize
 0002:0000514C       GetThemeSysFont
 0002:00005150       GetThemeSysString
 0002:00005154       GetThemeSysInt
 0002:00005158       IsThemeActive
 0002:0000515C       IsAppThemed
 0002:00005160       GetWindowTheme
 0002:00005164       EnableThemeDialogTexture
 0002:00005168       IsThemeDialogTextureEnabled
 0002:0000516C       GetThemeAppProperties
 0002:00005170       SetThemeAppProperties
 0002:00005174       GetCurrentThemeName
 0002:00005178       GetThemeDocumentationProperty
 0002:0000517C       DrawThemeParentBackground
 0002:00005180       EnableTheming
 0002:00005184       .1
 0002:00005188       ThemeLibrary
 0002:0000518C       ReferenceCount
 0002:00005190       Lock
 0002:00005194       .1
 0002:00005198       .4
 0002:0000519C       .1
 0002:000051A0       .1
 0002:000051A4       .1
 0002:000051A8       .1
 0002:000051AC       .1
 0002:000051B0       .1
 0002:000051B4       .11
 0002:000051B8       HelpMsg
 0002:000051BC       FindMsg
 0002:000051C0       ButtonWidths
 0002:000051EC       .12
 0002:000051F0       .1
 0002:000051F4       CF_PICTURE
 0002:000051F6       CF_COMPONENT
 0002:000051F8       .2
 0002:000051FC       FClipboard
 0002:00005200       .1
 0002:00005204       .4
 0002:00005208       BitBtnGlyphs
 0002:00005234       .3
 0002:00005238       .8
 0002:0000523C       .5
 0002:00005240       .1
 0002:00005244       .72
 0002:00005248       UrlMonHandle
 0002:0000524C       UrlMonInitialized
 0002:00005250       .8
 0002:00005254       .36
 0002:00005258       ShellModule
 0002:0000525C       FRichEditModule
 0002:00005260       ComCtlVersion
 0002:00005264       .2
 0002:00005268       InternalServices
 0002:0000526C       .42
 0002:00005270       .73
 0002:00005274       WinHelpTester
 0002:00005278       ViewerName
 0002:0000527C       .1
 0002:00005280       HelpViewer
 0002:00005284       HelpViewerIntf
 0002:00005288       Mouse
 0002:0000528C       NewStyleControls
 0002:00005290       .72
 0002:00005294       WindowAtom
 0002:00005296       ControlAtom
 0002:00005298       WindowAtomString
 0002:0000529C       ControlAtomString
 0002:000052A0       RM_GetObjectInstance
 0002:000052A4       DragControl
 0002:000052A8       DragObject
 0002:000052AC       DragInternalObject
 0002:000052B0       DragCapture
 0002:000052B4       DragStartPos
 0002:000052BC       DragSaveCursor
 0002:000052C0       DragThreshold
 0002:000052C4       ActiveDrag
 0002:000052C8       DragImageList
 0002:000052CC       DockSiteList
 0002:000052D0       QualifyingSites
 0002:000052D4       DragSave
 0002:000052D8       CanvasList
 0002:000052DC       _WINNLSEnableIME
 0002:000052E0       _ImmGetContext
 0002:000052E4       _ImmReleaseContext
 0002:000052E8       _ImmGetConversionStatus
 0002:000052EC       _ImmSetConversionStatus
 0002:000052F0       _ImmSetOpenStatus
 0002:000052F4       _ImmSetCompositionWindow
 0002:000052F8       _ImmSetCompositionFont
 0002:000052FC       _ImmGetCompositionString
 0002:00005300       _ImmIsIME
 0002:00005304       _ImmNotifyIME
 0002:00005308       .8
 0002:0000530C       .3
 0002:00005310       CachedComCtrlVer
 0002:00005314       ImageListWriteExProc
 0002:00005318       PopupList
 0002:0000531C       ShortCutItems
 0002:00005320       .9
 0002:00005324       CommandPool
 0002:00005328       Application
 0002:0000532C       Screen
 0002:00005330       .41
 0002:00005334       RM_TaskbarCreated
 0002:00005338       HintThreadID
 0002:0000533C       HintDoneEvent
 0002:00005340       HintHook
 0002:00005344       HintThread
 0002:00005348       .2
 0002:0000534C       .5
 0002:00005350       .1
 0002:00005354       .41
 0002:00005358       OleUninitializing
 0002:0000535C       ComClassManagerVar
 0002:00005360       SaveInitProc
 0002:00005364       NeedToUninitialize
 0002:00005368       .1
 0002:0000536C       .02
 0002:00005370       xParkingWindow
 0002:00005374       OlePro32DLL
 0002:00005378       _OleCreatePropertyFrame
 0002:0000537C       _OleCreateFontIndirect
 0002:00005380       _OleCreatePictureIndirect
 0002:00005384       _OleLoadPicture
 0002:00005388       .1
 0002:0000538C       EmptyParam
 0002:0000539C       .5
 0002:000053A0       .32
 0002:000053A4       .5
 0002:000053A8       RA
 0002:000057A8       MyRandSeed
 0002:000057AC       .1
 0002:000057B0       RegForm
 0002:000057B4       Bokst
 0002:000057B8       .3


Line numbers for SWSecFunc(SWSecFunc.pas) segment .text

   176 0001:0009E684   177 0001:0009E689   188 0001:0009E68C   189 0001:0009E68E
   190 0001:0009E699   191 0001:0009E6A3   192 0001:0009E6AF   190 0001:0009E6B2
   193 0001:0009E6B5   204 0001:0009E6B8   206 0001:0009E6C4   207 0001:0009E6CA
   208 0001:0009E6D6   209 0001:0009E6DE   223 0001:0009E6E0   225 0001:0009E715
   227 0001:0009E71A   228 0001:0009E722   230 0001:0009E724   231 0001:0009E737
   230 0001:0009E74A   233 0001:0009E74F   235 0001:0009E760   237 0001:0009E773
   238 0001:0009E780   239 0001:0009E785   240 0001:0009E78D   241 0001:0009E793
   240 0001:0009E79A   242 0001:0009E7A0   243 0001:0009E7A6   242 0001:0009E7AB
   244 0001:0009E7B1   245 0001:0009E7B4   246 0001:0009E7CA   235 0001:0009E7CB
   247 0001:0009E7FA   286 0001:0009E804   287 0001:0009E836   288 0001:0009E844
   289 0001:0009E879   292 0001:0009E880   293 0001:0009E8AD   294 0001:0009E8BA
   295 0001:0009E8EE   299 0001:0009E924   299 0001:0009E92B

Line numbers for Reg(REG.pas) segment .text

   124 0001:0009ED20   125 0001:0009ED3A   126 0001:0009EDA1   129 0001:0009EDA8
   130 0001:0009EDC2   132 0001:0009EDF7   133 0001:0009EE01   135 0001:0009EE0F
   137 0001:0009EE2A   138 0001:0009EE34   140 0001:0009EE64   145 0001:0009EEE8
   146 0001:0009EEE9   147 0001:0009EEEB   149 0001:0009EEF9   151 0001:0009EF0A
   152 0001:0009EF0F   153 0001:0009EF11   155 0001:0009EF22   185 0001:0009EF38
   186 0001:0009EF58   188 0001:0009EF73   189 0001:0009EF7D   190 0001:0009EF8B
   193 0001:0009EF90   195 0001:0009EFB6   196 0001:0009EFC0   197 0001:0009EFCE
   200 0001:0009EFD3   202 0001:0009EFDC   204 0001:0009EFF7   205 0001:0009F001
   206 0001:0009F00F   208 0001:0009F014   210 0001:0009F01D   211 0001:0009F02E
   212 0001:0009F044   213 0001:0009F057   214 0001:0009F089   215 0001:0009F0BB
   216 0001:0009F0CE   217 0001:0009F100   218 0001:0009F113   219 0001:0009F145
   220 0001:0009F158   221 0001:0009F18A   225 0001:0009F222   230 0001:0009F364
   231 0001:0009F369   241 0001:0009F36C   242 0001:0009F386   243 0001:0009F3EA
   249 0001:0009F3F0   250 0001:0009F40F   253 0001:0009F427   254 0001:0009F434
   255 0001:0009F442   257 0001:0009F458   258 0001:0009F45E   260 0001:0009F4A2
   263 0001:0009F503   269 0001:0009F51C   270 0001:0009F537   271 0001:0009F53F
   272 0001:0009F557   273 0001:0009F559   274 0001:0009F571   275 0001:0009F586
   276 0001:0009F59B   277 0001:0009F5B0   278 0001:0009F5C5   279 0001:0009F5DA
   280 0001:0009F5EF   282 0001:0009F602   283 0001:0009F644   284 0001:0009F674
   286 0001:0009F6CC   286 0001:0009F6D3

Line numbers for RegIt(C:\data\utv\Henry\Car\Car2008\reg\REGIT.dpr) segment .text

    36 0001:0009F9B4    37 0001:0009F9C4    38 0001:0009F9D0    39 0001:0009F9E8
    40 0001:0009F9F4

Bound resource files

C:\Program Files\EurekaLog 5\Delphi7\DIALOG.RES
c:\program files\borland\delphi7\Lib\Buttons.res
c:\program files\borland\delphi7\Lib\ExtDlgs.res
c:\program files\borland\delphi7\Lib\Controls.res
c:\program files\borland\delphi7\Lib\SPIN.RES
Reg.DFM
RegIt.RES
RegIt.drf


Program entry point at 0001:0009F9B4
